Archive member included to satisfy reference by file (symbol)

c:/st/stm32cubeide_1.7.0/stm32cubeide/plugins/com.st.stm32cube.ide.mcu.externaltools.gnu-tools-for-stm32.9-2020-q2-update.win32_2.0.0.202105311346/tools/bin/../lib/gcc/arm-none-eabi/9.3.1/../../../../arm-none-eabi/lib/thumb/v7e-m+fp/hard\libc_nano.a(lib_a-errno.o)
                              ./Core/Src/syscalls.o (__errno)
c:/st/stm32cubeide_1.7.0/stm32cubeide/plugins/com.st.stm32cube.ide.mcu.externaltools.gnu-tools-for-stm32.9-2020-q2-update.win32_2.0.0.202105311346/tools/bin/../lib/gcc/arm-none-eabi/9.3.1/../../../../arm-none-eabi/lib/thumb/v7e-m+fp/hard\libc_nano.a(lib_a-exit.o)
                              c:/st/stm32cubeide_1.7.0/stm32cubeide/plugins/com.st.stm32cube.ide.mcu.externaltools.gnu-tools-for-stm32.9-2020-q2-update.win32_2.0.0.202105311346/tools/bin/../lib/gcc/arm-none-eabi/9.3.1/../../../../arm-none-eabi/lib/thumb/v7e-m+fp/hard/crt0.o (exit)
c:/st/stm32cubeide_1.7.0/stm32cubeide/plugins/com.st.stm32cube.ide.mcu.externaltools.gnu-tools-for-stm32.9-2020-q2-update.win32_2.0.0.202105311346/tools/bin/../lib/gcc/arm-none-eabi/9.3.1/../../../../arm-none-eabi/lib/thumb/v7e-m+fp/hard\libc_nano.a(lib_a-impure.o)
                              c:/st/stm32cubeide_1.7.0/stm32cubeide/plugins/com.st.stm32cube.ide.mcu.externaltools.gnu-tools-for-stm32.9-2020-q2-update.win32_2.0.0.202105311346/tools/bin/../lib/gcc/arm-none-eabi/9.3.1/../../../../arm-none-eabi/lib/thumb/v7e-m+fp/hard\libc_nano.a(lib_a-exit.o) (_global_impure_ptr)
c:/st/stm32cubeide_1.7.0/stm32cubeide/plugins/com.st.stm32cube.ide.mcu.externaltools.gnu-tools-for-stm32.9-2020-q2-update.win32_2.0.0.202105311346/tools/bin/../lib/gcc/arm-none-eabi/9.3.1/../../../../arm-none-eabi/lib/thumb/v7e-m+fp/hard\libc_nano.a(lib_a-init.o)
                              c:/st/stm32cubeide_1.7.0/stm32cubeide/plugins/com.st.stm32cube.ide.mcu.externaltools.gnu-tools-for-stm32.9-2020-q2-update.win32_2.0.0.202105311346/tools/bin/../lib/gcc/arm-none-eabi/9.3.1/../../../../arm-none-eabi/lib/thumb/v7e-m+fp/hard/crt0.o (__libc_init_array)
c:/st/stm32cubeide_1.7.0/stm32cubeide/plugins/com.st.stm32cube.ide.mcu.externaltools.gnu-tools-for-stm32.9-2020-q2-update.win32_2.0.0.202105311346/tools/bin/../lib/gcc/arm-none-eabi/9.3.1/../../../../arm-none-eabi/lib/thumb/v7e-m+fp/hard\libc_nano.a(lib_a-malloc.o)
                              ./Core/Src/main.o (malloc)
c:/st/stm32cubeide_1.7.0/stm32cubeide/plugins/com.st.stm32cube.ide.mcu.externaltools.gnu-tools-for-stm32.9-2020-q2-update.win32_2.0.0.202105311346/tools/bin/../lib/gcc/arm-none-eabi/9.3.1/../../../../arm-none-eabi/lib/thumb/v7e-m+fp/hard\libc_nano.a(lib_a-memcpy-stub.o)
                              ./Middlewares/Third_Party/FreeRTOS/Source/queue.o (memcpy)
c:/st/stm32cubeide_1.7.0/stm32cubeide/plugins/com.st.stm32cube.ide.mcu.externaltools.gnu-tools-for-stm32.9-2020-q2-update.win32_2.0.0.202105311346/tools/bin/../lib/gcc/arm-none-eabi/9.3.1/../../../../arm-none-eabi/lib/thumb/v7e-m+fp/hard\libc_nano.a(lib_a-memset.o)
                              c:/st/stm32cubeide_1.7.0/stm32cubeide/plugins/com.st.stm32cube.ide.mcu.externaltools.gnu-tools-for-stm32.9-2020-q2-update.win32_2.0.0.202105311346/tools/bin/../lib/gcc/arm-none-eabi/9.3.1/../../../../arm-none-eabi/lib/thumb/v7e-m+fp/hard/crt0.o (memset)
c:/st/stm32cubeide_1.7.0/stm32cubeide/plugins/com.st.stm32cube.ide.mcu.externaltools.gnu-tools-for-stm32.9-2020-q2-update.win32_2.0.0.202105311346/tools/bin/../lib/gcc/arm-none-eabi/9.3.1/../../../../arm-none-eabi/lib/thumb/v7e-m+fp/hard\libc_nano.a(lib_a-nano-freer.o)
                              c:/st/stm32cubeide_1.7.0/stm32cubeide/plugins/com.st.stm32cube.ide.mcu.externaltools.gnu-tools-for-stm32.9-2020-q2-update.win32_2.0.0.202105311346/tools/bin/../lib/gcc/arm-none-eabi/9.3.1/../../../../arm-none-eabi/lib/thumb/v7e-m+fp/hard\libc_nano.a(lib_a-malloc.o) (_free_r)
c:/st/stm32cubeide_1.7.0/stm32cubeide/plugins/com.st.stm32cube.ide.mcu.externaltools.gnu-tools-for-stm32.9-2020-q2-update.win32_2.0.0.202105311346/tools/bin/../lib/gcc/arm-none-eabi/9.3.1/../../../../arm-none-eabi/lib/thumb/v7e-m+fp/hard\libc_nano.a(lib_a-nano-mallocr.o)
                              c:/st/stm32cubeide_1.7.0/stm32cubeide/plugins/com.st.stm32cube.ide.mcu.externaltools.gnu-tools-for-stm32.9-2020-q2-update.win32_2.0.0.202105311346/tools/bin/../lib/gcc/arm-none-eabi/9.3.1/../../../../arm-none-eabi/lib/thumb/v7e-m+fp/hard\libc_nano.a(lib_a-malloc.o) (_malloc_r)
c:/st/stm32cubeide_1.7.0/stm32cubeide/plugins/com.st.stm32cube.ide.mcu.externaltools.gnu-tools-for-stm32.9-2020-q2-update.win32_2.0.0.202105311346/tools/bin/../lib/gcc/arm-none-eabi/9.3.1/../../../../arm-none-eabi/lib/thumb/v7e-m+fp/hard\libc_nano.a(lib_a-sbrkr.o)
[...]
Memory Configuration

Name             Origin             Length             Attributes
CCMRAM           0x0000000010000000 0x0000000000010000 xrw
RAM              0x0000000020000000 0x0000000000020000 xrw
FLASH            0x0000000008000000 0x0000000000100000 xr
*default*        0x0000000000000000 0xffffffffffffffff

Linker script and memory map

LOAD c:/st/stm32cubeide_1.7.0/stm32cubeide/plugins/com.st.stm32cube.ide.mcu.externaltools.gnu-tools-for-stm32.9-2020-q2-update.win32_2.0.0.202105311346/tools/bin/../lib/gcc/arm-none-eabi/9.3.1/thumb/v7e-m+fp/hard/crti.o
LOAD c:/st/stm32cubeide_1.7.0/stm32cubeide/plugins/com.st.stm32cube.ide.mcu.externaltools.gnu-tools-for-stm32.9-2020-q2-update.win32_2.0.0.202105311346/tools/bin/../lib/gcc/arm-none-eabi/9.3.1/thumb/v7e-m+fp/hard/crtbegin.o
LOAD c:/st/stm32cubeide_1.7.0/stm32cubeide/plugins/com.st.stm32cube.ide.mcu.externaltools.gnu-tools-for-stm32.9-2020-q2-update.win32_2.0.0.202105311346/tools/bin/../lib/gcc/arm-none-eabi/9.3.1/../../../../arm-none-eabi/lib/thumb/v7e-m+fp/hard/crt0.o
LOAD ./Core/Src/camera.o
LOAD ./Core/Src/freertos.o
LOAD ./Core/Src/main.o
LOAD ./Core/Src/registers.o
LOAD ./Core/Src/setup_camera.o
LOAD ./Core/Src/stm32f4xx_hal_msp.o
LOAD ./Core/Src/stm32f4xx_it.o
LOAD ./Core/Src/syscalls.o
LOAD ./Core/Src/sysmem.o
LOAD ./Core/Src/system_stm32f4xx.o
LOAD ./Core/Startup/startup_stm32f407vgtx.o
LOAD ./Drivers/STM32F4xx_HAL_Driver/Src/stm32f4xx_hal.o
LOAD ./Drivers/STM32F4xx_HAL_Driver/Src/stm32f4xx_hal_cortex.o
LOAD ./Drivers/STM32F4xx_HAL_Driver/Src/stm32f4xx_hal_dcmi.o
LOAD ./Drivers/STM32F4xx_HAL_Driver/Src/stm32f4xx_hal_dcmi_ex.o
LOAD ./Drivers/STM32F4xx_HAL_Driver/Src/stm32f4xx_hal_dma.o
LOAD ./Drivers/STM32F4xx_HAL_Driver/Src/stm32f4xx_hal_dma_ex.o
LOAD ./Drivers/STM32F4xx_HAL_Driver/Src/stm32f4xx_hal_exti.o
LOAD ./Drivers/STM32F4xx_HAL_Driver/Src/stm32f4xx_hal_flash.o
LOAD ./Drivers/STM32F4xx_HAL_Driver/Src/stm32f4xx_hal_flash_ex.o
LOAD ./Drivers/STM32F4xx_HAL_Driver/Src/stm32f4xx_hal_flash_ramfunc.o
LOAD ./Drivers/STM32F4xx_HAL_Driver/Src/stm32f4xx_hal_gpio.o
LOAD ./Drivers/STM32F4xx_HAL_Driver/Src/stm32f4xx_hal_i2c.o
LOAD ./Drivers/STM32F4xx_HAL_Driver/Src/stm32f4xx_hal_i2c_ex.o
LOAD ./Drivers/STM32F4xx_HAL_Driver/Src/stm32f4xx_hal_pcd.o
LOAD ./Drivers/STM32F4xx_HAL_Driver/Src/stm32f4xx_hal_pcd_ex.o
LOAD ./Drivers/STM32F4xx_HAL_Driver/Src/stm32f4xx_hal_pwr.o
LOAD ./Drivers/STM32F4xx_HAL_Driver/Src/stm32f4xx_hal_pwr_ex.o
LOAD ./Drivers/STM32F4xx_HAL_Driver/Src/stm32f4xx_hal_rcc.o
LOAD ./Drivers/STM32F4xx_HAL_Driver/Src/stm32f4xx_hal_rcc_ex.o
LOAD ./Drivers/STM32F4xx_HAL_Driver/Src/stm32f4xx_hal_tim.o
LOAD ./Drivers/STM32F4xx_HAL_Driver/Src/stm32f4xx_hal_tim_ex.o
LOAD ./Drivers/STM32F4xx_HAL_Driver/Src/stm32f4xx_ll_usb.o
LOAD ./Middlewares/ST/STM32_USB_Device_Library/Class/CDC/Src/usbd_cdc.o
LOAD ./Middlewares/ST/STM32_USB_Device_Library/Core/Src/usbd_core.o
LOAD ./Middlewares/ST/STM32_USB_Device_Library/Core/Src/usbd_ctlreq.o
LOAD ./Middlewares/ST/STM32_USB_Device_Library/Core/Src/usbd_ioreq.o
LOAD ./Middlewares/Third_Party/FreeRTOS/Source/CMSIS_RTOS/cmsis_os.o
LOAD ./Middlewares/Third_Party/FreeRTOS/Source/croutine.o
LOAD ./Middlewares/Third_Party/FreeRTOS/Source/event_groups.o
LOAD ./Middlewares/Third_Party/FreeRTOS/Source/list.o
LOAD ./Middlewares/Third_Party/FreeRTOS/Source/queue.o
LOAD ./Middlewares/Third_Party/FreeRTOS/Source/stream_buffer.o
LOAD ./Middlewares/Third_Party/FreeRTOS/Source/tasks.o
LOAD ./Middlewares/Third_Party/FreeRTOS/Source/timers.o
LOAD ./Middlewares/Third_Party/FreeRTOS/Source/portable/GCC/ARM_CM4F/port.o
LOAD ./Middlewares/Third_Party/FreeRTOS/Source/portable/MemMang/heap_4.o
LOAD ./USB_DEVICE/App/usb_device.o
LOAD ./USB_DEVICE/App/usbd_cdc_if.o
LOAD ./USB_DEVICE/App/usbd_desc.o
LOAD ./USB_DEVICE/Target/usbd_conf.o
START GROUP
LOAD c:/st/stm32cubeide_1.7.0/stm32cubeide/plugins/com.st.stm32cube.ide.mcu.externaltools.gnu-tools-for-stm32.9-2020-q2-update.win32_2.0.0.202105311346/tools/bin/../lib/gcc/arm-none-eabi/9.3.1/../../../../arm-none-eabi/lib/thumb/v7e-m+fp/hard\libc_nano.a
LOAD c:/st/stm32cubeide_1.7.0/stm32cubeide/plugins/com.st.stm32cube.ide.mcu.externaltools.gnu-tools-for-stm32.9-2020-q2-update.win32_2.0.0.202105311346/tools/bin/../lib/gcc/arm-none-eabi/9.3.1/../../../../arm-none-eabi/lib/thumb/v7e-m+fp/hard\libm.a
END GROUP
START GROUP
LOAD c:/st/stm32cubeide_1.7.0/stm32cubeide/plugins/com.st.stm32cube.ide.mcu.externaltools.gnu-tools-for-stm32.9-2020-q2-update.win32_2.0.0.202105311346/tools/bin/../lib/gcc/arm-none-eabi/9.3.1/thumb/v7e-m+fp/hard\libgcc.a
LOAD c:/st/stm32cubeide_1.7.0/stm32cubeide/plugins/com.st.stm32cube.ide.mcu.externaltools.gnu-tools-for-stm32.9-2020-q2-update.win32_2.0.0.202105311346/tools/bin/../lib/gcc/arm-none-eabi/9.3.1/../../../../arm-none-eabi/lib/thumb/v7e-m+fp/hard\libc_nano.a
END GROUP
START GROUP
LOAD c:/st/stm32cubeide_1.7.0/stm32cubeide/plugins/com.st.stm32cube.ide.mcu.externaltools.gnu-tools-for-stm32.9-2020-q2-update.win32_2.0.0.202105311346/tools/bin/../lib/gcc/arm-none-eabi/9.3.1/thumb/v7e-m+fp/hard\libgcc.a
LOAD c:/st/stm32cubeide_1.7.0/stm32cubeide/plugins/com.st.stm32cube.ide.mcu.externaltools.gnu-tools-for-stm32.9-2020-q2-update.win32_2.0.0.202105311346/tools/bin/../lib/gcc/arm-none-eabi/9.3.1/../../../../arm-none-eabi/lib/thumb/v7e-m+fp/hard\libc_nano.a
LOAD c:/st/stm32cubeide_1.7.0/stm32cubeide/plugins/com.st.stm32cube.ide.mcu.externaltools.gnu-tools-for-stm32.9-2020-q2-update.win32_2.0.0.202105311346/tools/bin/../lib/gcc/arm-none-eabi/9.3.1/../../../../arm-none-eabi/lib/thumb/v7e-m+fp/hard\libnosys.a
END GROUP
START GROUP
LOAD c:/st/stm32cubeide_1.7.0/stm32cubeide/plugins/com.st.stm32cube.ide.mcu.externaltools.gnu-tools-for-stm32.9-2020-q2-update.win32_2.0.0.202105311346/tools/bin/../lib/gcc/arm-none-eabi/9.3.1/thumb/v7e-m+fp/hard\libgcc.a
LOAD c:/st/stm32cubeide_1.7.0/stm32cubeide/plugins/com.st.stm32cube.ide.mcu.externaltools.gnu-tools-for-stm32.9-2020-q2-update.win32_2.0.0.202105311346/tools/bin/../lib/gcc/arm-none-eabi/9.3.1/../../../../arm-none-eabi/lib/thumb/v7e-m+fp/hard\libc_nano.a
LOAD c:/st/stm32cubeide_1.7.0/stm32cubeide/plugins/com.st.stm32cube.ide.mcu.externaltools.gnu-tools-for-stm32.9-2020-q2-update.win32_2.0.0.202105311346/tools/bin/../lib/gcc/arm-none-eabi/9.3.1/../../../../arm-none-eabi/lib/thumb/v7e-m+fp/hard\libnosys.a
END GROUP
LOAD c:/st/stm32cubeide_1.7.0/stm32cubeide/plugins/com.st.stm32cube.ide.mcu.externaltools.gnu-tools-for-stm32.9-2020-q2-update.win32_2.0.0.202105311346/tools/bin/../lib/gcc/arm-none-eabi/9.3.1/thumb/v7e-m+fp/hard/crtend.o
LOAD c:/st/stm32cubeide_1.7.0/stm32cubeide/plugins/com.st.stm32cube.ide.mcu.externaltools.gnu-tools-for-stm32.9-2020-q2-update.win32_2.0.0.202105311346/tools/bin/../lib/gcc/arm-none-eabi/9.3.1/thumb/v7e-m+fp/hard/crtn.o
                0x0000000020020000                _estack = (ORIGIN (RAM) + LENGTH (RAM))
                0x0000000000000200                _Min_Heap_Size = 0x200
                0x0000000000000400                _Min_Stack_Size = 0x400

.isr_vector     0x0000000008000000      0x188
                0x0000000008000000                . = ALIGN (0x4)
 *(.isr_vector)
 .isr_vector    0x0000000008000000      0x188 ./Core/Startup/startup_stm32f407vgtx.o
                0x0000000008000000                g_pfnVectors
                0x0000000008000188                . = ALIGN (0x4)

.text           0x0000000008000190     0x66dc
                0x0000000008000190                . = ALIGN (0x4)
 *(.text)
 .text          0x0000000008000190       0x40 c:/st/stm32cubeide_1.7.0/stm32cubeide/plugins/com.st.stm32cube.ide.mcu.externaltools.gnu-tools-for-stm32.9-2020-q2-update.win32_2.0.0.202105311346/tools/bin/../lib/gcc/arm-none-eabi/9.3.1/thumb/v7e-m+fp/hard/crtbegin.o
 .text          0x00000000080001d0       0x10 c:/st/stm32cubeide_1.7.0/stm32cubeide/plugins/com.st.stm32cube.ide.mcu.externaltools.gnu-tools-for-stm32.9-2020-q2-update.win32_2.0.0.202105311346/tools/bin/../lib/gcc/arm-none-eabi/9.3.1/../../../../arm-none-eabi/lib/thumb/v7e-m+fp/hard\libc_nano.a(lib_a-strlen.o)
                0x00000000080001d0                strlen
 .text          0x00000000080001e0       0xa0 c:/st/stm32cubeide_1.7.0/stm32cubeide/plugins/com.st.stm32cube.ide.mcu.externaltools.gnu-tools-for-stm32.9-2020-q2-update.win32_2.0.0.202105311346/tools/bin/../lib/gcc/arm-none-eabi/9.3.1/../../../../arm-none-eabi/lib/thumb/v7e-m+fp/hard\libc_nano.a(lib_a-memchr.o)
                0x00000000080001e0                memchr
 .text          0x0000000008000280       0x30 c:/st/stm32cubeide_1.7.0/stm32cubeide/plugins/com.st.stm32cube.ide.mcu.externaltools.gnu-tools-for-stm32.9-2020-q2-update.win32_2.0.0.202105311346/tools/bin/../lib/gcc/arm-none-eabi/9.3.1/thumb/v7e-m+fp/hard\libgcc.a(_aeabi_uldivmod.o)
                0x0000000008000280                __aeabi_uldivmod
 .text          0x00000000080002b0      0x2c4 c:/st/stm32cubeide_1.7.0/stm32cubeide/plugins/com.st.stm32cube.ide.mcu.externaltools.gnu-tools-for-stm32.9-2020-q2-update.win32_2.0.0.202105311346/tools/bin/../lib/gcc/arm-none-eabi/9.3.1/thumb/v7e-m+fp/hard\libgcc.a(_udivmoddi4.o)
                0x00000000080002b0                __udivmoddi4
 .text          0x0000000008000574        0x4 c:/st/stm32cubeide_1.7.0/stm32cubeide/plugins/com.st.stm32cube.ide.mcu.externaltools.gnu-tools-for-stm32.9-2020-q2-update.win32_2.0.0.202105311346/tools/bin/../lib/gcc/arm-none-eabi/9.3.1/thumb/v7e-m+fp/hard\libgcc.a(_dvmd_tls.o)
                0x0000000008000574                __aeabi_idiv0
                0x0000000008000574                __aeabi_ldiv0
 *(.text*)
 .text.isUSBReady
                0x0000000008000578       0x18 ./Core/Src/camera.o
                0x0000000008000578                isUSBReady
 .text.waitForPreviousUartByteToBeSent
                0x0000000008000590        0xc ./Core/Src/camera.o
                0x0000000008000590                waitForPreviousUartByteToBeSent
 .text.formatPixelByteGrayscale
                0x000000000800059c        0x6 ./Core/Src/camera.o
                0x000000000800059c                formatPixelByteGrayscale
 *fill*         0x00000000080005a2        0x2 
 .text.startNewFrame
                0x00000000080005a4       0xa4 ./Core/Src/camera.o
                0x00000000080005a4                startNewFrame
 .text.waitForVsync
                0x0000000008000648       0x10 ./Core/Src/camera.o
                0x0000000008000648                waitForVsync
 .text.waitForPixelClockLow
                0x0000000008000658       0x10 ./Core/Src/camera.o
                0x0000000008000658                waitForPixelClockLow
 .text.waitForPixelClockHigh
                0x0000000008000668       0x10 ./Core/Src/camera.o
                0x0000000008000668                waitForPixelClockHigh
 .text.waitForPixelClockRisingEdge
                0x0000000008000678        0xc ./Core/Src/camera.o
                0x0000000008000678                waitForPixelClockRisingEdge
 .text.readPixelByte
                0x0000000008000684       0x64 ./Core/Src/camera.o
                0x0000000008000684                readPixelByte
 .text.formatRgbPixelByteH
                0x00000000080006e8       0x12 ./Core/Src/camera.o
                0x00000000080006e8                formatRgbPixelByteH
 .text.formatRgbPixelByteL
                0x00000000080006fa       0x16 ./Core/Src/camera.o
                0x00000000080006fa                formatRgbPixelByteL
 .text.processNextRgbPixelByte
                0x0000000008000710       0x78 ./Core/Src/camera.o
                0x0000000008000710                processNextRgbPixelByte
 .text.endOfLine
                0x0000000008000788       0x44 ./Core/Src/camera.o
                0x0000000008000788                endOfLine
 .text.processRgbFrame
                0x00000000080007cc       0x94 ./Core/Src/camera.o
                0x00000000080007cc                processRgbFrame
 .text.debugPrint
                0x0000000008000860       0x80 ./Core/Src/camera.o
                0x0000000008000860                debugPrint
 .text.processFrame
                0x00000000080008e0       0x44 ./Core/Src/camera.o
                0x00000000080008e0                processFrame
 .text.vApplicationGetIdleTaskMemory
                0x0000000008000924       0x18 ./Core/Src/freertos.o
                0x0000000008000924                vApplicationGetIdleTaskMemory
 .text.MX_GPIO_Init
                0x000000000800093c       0x94 ./Core/Src/main.o
 .text.StartDefaultTask
                0x00000000080009d0       0x20 ./Core/Src/main.o
                0x00000000080009d0                StartDefaultTask
 .text.Error_Handler
                0x00000000080009f0       0x3c ./Core/Src/main.o
                0x00000000080009f0                Error_Handler
 .text.MX_I2C1_Init
                0x0000000008000a2c       0x38 ./Core/Src/main.o
 .text.MX_DCMI_Init
                0x0000000008000a64       0x30 ./Core/Src/main.o
 .text.SystemClock_Config
                0x0000000008000a94       0xbc ./Core/Src/main.o
                0x0000000008000a94                SystemClock_Config
 .text.main     0x0000000008000b50       0x64 ./Core/Src/main.o
                0x0000000008000b50                main
 .text.setI2cHandleTypeDef
                0x0000000008000bb4        0xc ./Core/Src/registers.o
                0x0000000008000bb4                setI2cHandleTypeDef
 .text.setRegister
                0x0000000008000bc0       0x38 ./Core/Src/registers.o
                0x0000000008000bc0                setRegister
 .text.resetSettings
                0x0000000008000bf8       0x18 ./Core/Src/registers.o
                0x0000000008000bf8                resetSettings
 .text.setRegisters
                0x0000000008000c10       0x16 ./Core/Src/registers.o
                0x0000000008000c10                setRegisters
 *fill*         0x0000000008000c26        0x2 
 .text.setup    0x0000000008000c28       0x60 ./Core/Src/setup_camera.o
                0x0000000008000c28                setup
 .text.HAL_MspInit
                0x0000000008000c88       0x44 ./Core/Src/stm32f4xx_hal_msp.o
                0x0000000008000c88                HAL_MspInit
 .text.HAL_DCMI_MspInit
                0x0000000008000ccc       0xf4 ./Core/Src/stm32f4xx_hal_msp.o
                0x0000000008000ccc                HAL_DCMI_MspInit
 .text.HAL_I2C_MspInit
                0x0000000008000dc0       0x74 ./Core/Src/stm32f4xx_hal_msp.o
                0x0000000008000dc0                HAL_I2C_MspInit
 .text.NMI_Handler
                0x0000000008000e34        0x2 ./Core/Src/stm32f4xx_it.o
                0x0000000008000e34                NMI_Handler
 .text.HardFault_Handler
                0x0000000008000e36        0x2 ./Core/Src/stm32f4xx_it.o
                0x0000000008000e36                HardFault_Handler
 .text.MemManage_Handler
                0x0000000008000e38        0x2 ./Core/Src/stm32f4xx_it.o
                0x0000000008000e38                MemManage_Handler
 .text.BusFault_Handler
                0x0000000008000e3a        0x2 ./Core/Src/stm32f4xx_it.o
                0x0000000008000e3a                BusFault_Handler
 .text.UsageFault_Handler
                0x0000000008000e3c        0x2 ./Core/Src/stm32f4xx_it.o
                0x0000000008000e3c                UsageFault_Handler
 .text.DebugMon_Handler
                0x0000000008000e3e        0x2 ./Core/Src/stm32f4xx_it.o
                0x0000000008000e3e                DebugMon_Handler
 .text.SysTick_Handler
                0x0000000008000e40       0x16 ./Core/Src/stm32f4xx_it.o
                0x0000000008000e40                SysTick_Handler
 *fill*         0x0000000008000e56        0x2 
 .text.OTG_FS_IRQHandler
                0x0000000008000e58       0x10 ./Core/Src/stm32f4xx_it.o
                0x0000000008000e58                OTG_FS_IRQHandler
 .text._sbrk    0x0000000008000e68       0x48 ./Core/Src/sysmem.o
                0x0000000008000e68                _sbrk
 .text.SystemInit
                0x0000000008000eb0       0x14 ./Core/Src/system_stm32f4xx.o
                0x0000000008000eb0                SystemInit
 .text.Reset_Handler
                0x0000000008000ec4       0x50 ./Core/Startup/startup_stm32f407vgtx.o
                0x0000000008000ec4                Reset_Handler
 .text.Default_Handler
                0x0000000008000f14        0x2 ./Core/Startup/startup_stm32f407vgtx.o
                0x0000000008000f14                RTC_Alarm_IRQHandler
                0x0000000008000f14                HASH_RNG_IRQHandler
                0x0000000008000f14                EXTI2_IRQHandler
                0x0000000008000f14                TIM8_CC_IRQHandler
                0x0000000008000f14                TIM1_CC_IRQHandler
                0x0000000008000f14                DMA2_Stream5_IRQHandler
                0x0000000008000f14                DMA1_Stream5_IRQHandler
                0x0000000008000f14                PVD_IRQHandler
                0x0000000008000f14                SDIO_IRQHandler
                0x0000000008000f14                TAMP_STAMP_IRQHandler
                0x0000000008000f14                CAN2_RX1_IRQHandler
                0x0000000008000f14                EXTI3_IRQHandler
                0x0000000008000f14                TIM8_TRG_COM_TIM14_IRQHandler
                0x0000000008000f14                TIM1_UP_TIM10_IRQHandler
                0x0000000008000f14                TIM8_UP_TIM13_IRQHandler
                0x0000000008000f14                I2C3_ER_IRQHandler
                0x0000000008000f14                EXTI0_IRQHandler
                0x0000000008000f14                I2C2_EV_IRQHandler
                0x0000000008000f14                DMA1_Stream2_IRQHandler
                0x0000000008000f14                CAN1_RX0_IRQHandler
                0x0000000008000f14                FPU_IRQHandler
                0x0000000008000f14                OTG_HS_WKUP_IRQHandler
                0x0000000008000f14                CAN2_SCE_IRQHandler
                0x0000000008000f14                DMA2_Stream2_IRQHandler
                0x0000000008000f14                SPI1_IRQHandler
                0x0000000008000f14                TIM6_DAC_IRQHandler
                0x0000000008000f14                TIM1_BRK_TIM9_IRQHandler
                0x0000000008000f14                DCMI_IRQHandler
                0x0000000008000f14                CAN2_RX0_IRQHandler
                0x0000000008000f14                DMA2_Stream3_IRQHandler
                0x0000000008000f14                USART6_IRQHandler
                0x0000000008000f14                USART3_IRQHandler
                0x0000000008000f14                CAN1_RX1_IRQHandler
                0x0000000008000f14                UART5_IRQHandler
                0x0000000008000f14                DMA2_Stream0_IRQHandler
                0x0000000008000f14                TIM4_IRQHandler
                0x0000000008000f14                I2C1_EV_IRQHandler
                0x0000000008000f14                DMA1_Stream6_IRQHandler
                0x0000000008000f14                DMA1_Stream1_IRQHandler
                0x0000000008000f14                UART4_IRQHandler
                0x0000000008000f14                TIM3_IRQHandler
                0x0000000008000f14                RCC_IRQHandler
                0x0000000008000f14                TIM8_BRK_TIM12_IRQHandler
                0x0000000008000f14                Default_Handler
                0x0000000008000f14                EXTI15_10_IRQHandler
                0x0000000008000f14                ADC_IRQHandler
                0x0000000008000f14                DMA1_Stream7_IRQHandler
                0x0000000008000f14                TIM7_IRQHandler
                0x0000000008000f14                CAN2_TX_IRQHandler
                0x0000000008000f14                TIM5_IRQHandler
                0x0000000008000f14                DMA2_Stream7_IRQHandler
                0x0000000008000f14                I2C3_EV_IRQHandler
                0x0000000008000f14                EXTI9_5_IRQHandler
                0x0000000008000f14                RTC_WKUP_IRQHandler
                0x0000000008000f14                ETH_WKUP_IRQHandler
                0x0000000008000f14                SPI2_IRQHandler
                0x0000000008000f14                OTG_HS_EP1_IN_IRQHandler
                0x0000000008000f14                DMA1_Stream0_IRQHandler
                0x0000000008000f14                CAN1_TX_IRQHandler
                0x0000000008000f14                EXTI4_IRQHandler
                0x0000000008000f14                FSMC_IRQHandler
                0x0000000008000f14                ETH_IRQHandler
                0x0000000008000f14                OTG_HS_EP1_OUT_IRQHandler
                0x0000000008000f14                WWDG_IRQHandler
                0x0000000008000f14                TIM2_IRQHandler
                0x0000000008000f14                OTG_FS_WKUP_IRQHandler
                0x0000000008000f14                TIM1_TRG_COM_TIM11_IRQHandler
                0x0000000008000f14                OTG_HS_IRQHandler
                0x0000000008000f14                EXTI1_IRQHandler
                0x0000000008000f14                USART2_IRQHandler
                0x0000000008000f14                I2C2_ER_IRQHandler
                0x0000000008000f14                DMA2_Stream1_IRQHandler
                0x0000000008000f14                CAN1_SCE_IRQHandler
                0x0000000008000f14                FLASH_IRQHandler
                0x0000000008000f14                DMA2_Stream4_IRQHandler
                0x0000000008000f14                USART1_IRQHandler
                0x0000000008000f14                SPI3_IRQHandler
                0x0000000008000f14                DMA1_Stream4_IRQHandler
                0x0000000008000f14                I2C1_ER_IRQHandler
                0x0000000008000f14                DMA2_Stream6_IRQHandler
                0x0000000008000f14                DMA1_Stream3_IRQHandler
 *fill*         0x0000000008000f16        0x2 
 .text.HAL_InitTick
                0x0000000008000f18       0x4c ./Drivers/STM32F4xx_HAL_Driver/Src/stm32f4xx_hal.o
                0x0000000008000f18                HAL_InitTick
 .text.HAL_Init
                0x0000000008000f64       0x34 ./Drivers/STM32F4xx_HAL_Driver/Src/stm32f4xx_hal.o
                0x0000000008000f64                HAL_Init
 .text.HAL_IncTick
                0x0000000008000f98       0x18 ./Drivers/STM32F4xx_HAL_Driver/Src/stm32f4xx_hal.o
                0x0000000008000f98                HAL_IncTick
 .text.HAL_GetTick
                0x0000000008000fb0        0xc ./Drivers/STM32F4xx_HAL_Driver/Src/stm32f4xx_hal.o
                0x0000000008000fb0                HAL_GetTick
 .text.HAL_Delay
                0x0000000008000fbc       0x28 ./Drivers/STM32F4xx_HAL_Driver/Src/stm32f4xx_hal.o
                0x0000000008000fbc                HAL_Delay
 .text.HAL_NVIC_SetPriorityGrouping
                0x0000000008000fe4       0x24 ./Drivers/STM32F4xx_HAL_Driver/Src/stm32f4xx_hal_cortex.o
                0x0000000008000fe4                HAL_NVIC_SetPriorityGrouping
 .text.HAL_NVIC_SetPriority
                0x0000000008001008       0x68 ./Drivers/STM32F4xx_HAL_Driver/Src/stm32f4xx_hal_cortex.o
                0x0000000008001008                HAL_NVIC_SetPriority
 .text.HAL_NVIC_EnableIRQ
                0x0000000008001070       0x1c ./Drivers/STM32F4xx_HAL_Driver/Src/stm32f4xx_hal_cortex.o
                0x0000000008001070                HAL_NVIC_EnableIRQ
 .text.HAL_SYSTICK_Config
                0x000000000800108c       0x2c ./Drivers/STM32F4xx_HAL_Driver/Src/stm32f4xx_hal_cortex.o
                0x000000000800108c                HAL_SYSTICK_Config
 .text.HAL_DCMI_Init
                0x00000000080010b8       0x8e ./Drivers/STM32F4xx_HAL_Driver/Src/stm32f4xx_hal_dcmi_ex.o
                0x00000000080010b8                HAL_DCMI_Init
 *fill*         0x0000000008001146        0x2 
 .text.HAL_GPIO_Init
                0x0000000008001148      0x1d4 ./Drivers/STM32F4xx_HAL_Driver/Src/stm32f4xx_hal_gpio.o
                0x0000000008001148                HAL_GPIO_Init
 .text.I2C_IsAcknowledgeFailed
                0x000000000800131c       0x32 ./Drivers/STM32F4xx_HAL_Driver/Src/stm32f4xx_hal_i2c.o
 .text.I2C_WaitOnFlagUntilTimeout
                0x000000000800134e       0x74 ./Drivers/STM32F4xx_HAL_Driver/Src/stm32f4xx_hal_i2c.o
 .text.I2C_WaitOnMasterAddressFlagUntilTimeout
                0x00000000080013c2       0xaa ./Drivers/STM32F4xx_HAL_Driver/Src/stm32f4xx_hal_i2c.o
 .text.I2C_MasterRequestWrite
                0x000000000800146c       0xb4 ./Drivers/STM32F4xx_HAL_Driver/Src/stm32f4xx_hal_i2c.o
 .text.I2C_WaitOnTXEFlagUntilTimeout
                0x0000000008001520       0x54 ./Drivers/STM32F4xx_HAL_Driver/Src/stm32f4xx_hal_i2c.o
 .text.I2C_WaitOnBTFFlagUntilTimeout
                0x0000000008001574       0x54 ./Drivers/STM32F4xx_HAL_Driver/Src/stm32f4xx_hal_i2c.o
 .text.HAL_I2C_Init
                0x00000000080015c8      0x1bc ./Drivers/STM32F4xx_HAL_Driver/Src/stm32f4xx_hal_i2c.o
                0x00000000080015c8                HAL_I2C_Init
 .text.HAL_I2C_Master_Transmit
                0x0000000008001784      0x178 ./Drivers/STM32F4xx_HAL_Driver/Src/stm32f4xx_hal_i2c.o
                0x0000000008001784                HAL_I2C_Master_Transmit
 .text.HAL_I2C_GetState
                0x00000000080018fc        0x6 ./Drivers/STM32F4xx_HAL_Driver/Src/stm32f4xx_hal_i2c.o
                0x00000000080018fc                HAL_I2C_GetState
 .text.PCD_WriteEmptyTxFifo
                0x0000000008001902       0xd2 ./Drivers/STM32F4xx_HAL_Driver/Src/stm32f4xx_hal_pcd.o
 .text.HAL_PCD_Init
                0x00000000080019d4      0x126 ./Drivers/STM32F4xx_HAL_Driver/Src/stm32f4xx_hal_pcd.o
                0x00000000080019d4                HAL_PCD_Init
 .text.HAL_PCD_Start
                0x0000000008001afa       0x42 ./Drivers/STM32F4xx_HAL_Driver/Src/stm32f4xx_hal_pcd.o
                0x0000000008001afa                HAL_PCD_Start
 .text.PCD_EP_OutXfrComplete_int
                0x0000000008001b3c       0xf8 ./Drivers/STM32F4xx_HAL_Driver/Src/stm32f4xx_hal_pcd.o
 .text.PCD_EP_OutSetupPacket_int
                0x0000000008001c34       0x50 ./Drivers/STM32F4xx_HAL_Driver/Src/stm32f4xx_hal_pcd.o
 .text.HAL_PCD_IRQHandler
                0x0000000008001c84      0x4ac ./Drivers/STM32F4xx_HAL_Driver/Src/stm32f4xx_hal_pcd.o
                0x0000000008001c84                HAL_PCD_IRQHandler
 .text.HAL_PCD_SetAddress
                0x0000000008002130       0x28 ./Drivers/STM32F4xx_HAL_Driver/Src/stm32f4xx_hal_pcd.o
                0x0000000008002130                HAL_PCD_SetAddress
 .text.HAL_PCD_EP_Open
                0x0000000008002158       0x86 ./Drivers/STM32F4xx_HAL_Driver/Src/stm32f4xx_hal_pcd.o
                0x0000000008002158                HAL_PCD_EP_Open
 .text.HAL_PCD_EP_Close
                0x00000000080021de       0x72 ./Drivers/STM32F4xx_HAL_Driver/Src/stm32f4xx_hal_pcd.o
                0x00000000080021de                HAL_PCD_EP_Close
 .text.HAL_PCD_EP_Receive
                0x0000000008002250       0x5e ./Drivers/STM32F4xx_HAL_Driver/Src/stm32f4xx_hal_pcd.o
                0x0000000008002250                HAL_PCD_EP_Receive
 .text.HAL_PCD_EP_GetRxCount
                0x00000000080022ae       0x12 ./Drivers/STM32F4xx_HAL_Driver/Src/stm32f4xx_hal_pcd.o
                0x00000000080022ae                HAL_PCD_EP_GetRxCount
 .text.HAL_PCD_EP_Transmit
                0x00000000080022c0       0x56 ./Drivers/STM32F4xx_HAL_Driver/Src/stm32f4xx_hal_pcd.o
                0x00000000080022c0                HAL_PCD_EP_Transmit
 .text.HAL_PCD_EP_SetStall
                0x0000000008002316       0x88 ./Drivers/STM32F4xx_HAL_Driver/Src/stm32f4xx_hal_pcd.o
                0x0000000008002316                HAL_PCD_EP_SetStall
 .text.HAL_PCD_EP_ClrStall
                0x000000000800239e       0x76 ./Drivers/STM32F4xx_HAL_Driver/Src/stm32f4xx_hal_pcd.o
                0x000000000800239e                HAL_PCD_EP_ClrStall
 .text.HAL_PCDEx_SetTxFiFo
                0x0000000008002414       0x48 ./Drivers/STM32F4xx_HAL_Driver/Src/stm32f4xx_hal_pcd_ex.o
                0x0000000008002414                HAL_PCDEx_SetTxFiFo
 .text.HAL_PCDEx_SetRxFiFo
                0x000000000800245c        0x8 ./Drivers/STM32F4xx_HAL_Driver/Src/stm32f4xx_hal_pcd_ex.o
                0x000000000800245c                HAL_PCDEx_SetRxFiFo
 .text.HAL_PCDEx_LPM_Callback
                0x0000000008002464        0x2 ./Drivers/STM32F4xx_HAL_Driver/Src/stm32f4xx_hal_pcd_ex.o
                0x0000000008002464                HAL_PCDEx_LPM_Callback
 *fill*         0x0000000008002466        0x2 
 .text.HAL_RCC_OscConfig
                0x0000000008002468      0x3f8 ./Drivers/STM32F4xx_HAL_Driver/Src/stm32f4xx_hal_rcc.o
                0x0000000008002468                HAL_RCC_OscConfig
 .text.HAL_RCC_MCOConfig
                0x0000000008002860       0x9c ./Drivers/STM32F4xx_HAL_Driver/Src/stm32f4xx_hal_rcc.o
                0x0000000008002860                HAL_RCC_MCOConfig
 .text.HAL_RCC_GetSysClockFreq
                0x00000000080028fc       0xcc ./Drivers/STM32F4xx_HAL_Driver/Src/stm32f4xx_hal_rcc.o
                0x00000000080028fc                HAL_RCC_GetSysClockFreq
 .text.HAL_RCC_ClockConfig
                0x00000000080029c8      0x160 ./Drivers/STM32F4xx_HAL_Driver/Src/stm32f4xx_hal_rcc.o
                0x00000000080029c8                HAL_RCC_ClockConfig
 .text.HAL_RCC_GetHCLKFreq
                0x0000000008002b28        0xc ./Drivers/STM32F4xx_HAL_Driver/Src/stm32f4xx_hal_rcc.o
                0x0000000008002b28                HAL_RCC_GetHCLKFreq
 .text.HAL_RCC_GetPCLK1Freq
                0x0000000008002b34       0x20 ./Drivers/STM32F4xx_HAL_Driver/Src/stm32f4xx_hal_rcc.o
                0x0000000008002b34                HAL_RCC_GetPCLK1Freq
 .text.USB_CoreReset
                0x0000000008002b54       0x4c ./Drivers/STM32F4xx_HAL_Driver/Src/stm32f4xx_ll_usb.o
 .text.USB_CoreInit
                0x0000000008002ba0       0x8a ./Drivers/STM32F4xx_HAL_Driver/Src/stm32f4xx_ll_usb.o
                0x0000000008002ba0                USB_CoreInit
 *fill*         0x0000000008002c2a        0x2 
 .text.USB_SetTurnaroundTime
                0x0000000008002c2c       0xe4 ./Drivers/STM32F4xx_HAL_Driver/Src/stm32f4xx_ll_usb.o
                0x0000000008002c2c                USB_SetTurnaroundTime
 .text.USB_EnableGlobalInt
                0x0000000008002d10        0xc ./Drivers/STM32F4xx_HAL_Driver/Src/stm32f4xx_ll_usb.o
                0x0000000008002d10                USB_EnableGlobalInt
 .text.USB_DisableGlobalInt
                0x0000000008002d1c        0xc ./Drivers/STM32F4xx_HAL_Driver/Src/stm32f4xx_ll_usb.o
                0x0000000008002d1c                USB_DisableGlobalInt
 .text.USB_FlushTxFifo
                0x0000000008002d28       0x30 ./Drivers/STM32F4xx_HAL_Driver/Src/stm32f4xx_ll_usb.o
                0x0000000008002d28                USB_FlushTxFifo
 .text.USB_FlushRxFifo
                0x0000000008002d58       0x2c ./Drivers/STM32F4xx_HAL_Driver/Src/stm32f4xx_ll_usb.o
                0x0000000008002d58                USB_FlushRxFifo
 .text.USB_SetDevSpeed
                0x0000000008002d84        0xe ./Drivers/STM32F4xx_HAL_Driver/Src/stm32f4xx_ll_usb.o
                0x0000000008002d84                USB_SetDevSpeed
 *fill*         0x0000000008002d92        0x2 
 .text.USB_DevInit
                0x0000000008002d94      0x198 ./Drivers/STM32F4xx_HAL_Driver/Src/stm32f4xx_ll_usb.o
                0x0000000008002d94                USB_DevInit
 .text.USB_GetDevSpeed
                0x0000000008002f2c       0x22 ./Drivers/STM32F4xx_HAL_Driver/Src/stm32f4xx_ll_usb.o
                0x0000000008002f2c                USB_GetDevSpeed
 .text.USB_ActivateEndpoint
                0x0000000008002f4e       0x94 ./Drivers/STM32F4xx_HAL_Driver/Src/stm32f4xx_ll_usb.o
                0x0000000008002f4e                USB_ActivateEndpoint
 *fill*         0x0000000008002fe2        0x2 
 .text.USB_DeactivateEndpoint
                0x0000000008002fe4       0xdc ./Drivers/STM32F4xx_HAL_Driver/Src/stm32f4xx_ll_usb.o
                0x0000000008002fe4                USB_DeactivateEndpoint
 .text.USB_EP0StartXfer
                0x00000000080030c0      0x11c ./Drivers/STM32F4xx_HAL_Driver/Src/stm32f4xx_ll_usb.o
                0x00000000080030c0                USB_EP0StartXfer
 .text.USB_WritePacket
                0x00000000080031dc       0x28 ./Drivers/STM32F4xx_HAL_Driver/Src/stm32f4xx_ll_usb.o
                0x00000000080031dc                USB_WritePacket
 .text.USB_EPStartXfer
                0x0000000008003204      0x218 ./Drivers/STM32F4xx_HAL_Driver/Src/stm32f4xx_ll_usb.o
                0x0000000008003204                USB_EPStartXfer
 .text.USB_ReadPacket
                0x000000000800341c       0x4c ./Drivers/STM32F4xx_HAL_Driver/Src/stm32f4xx_ll_usb.o
                0x000000000800341c                USB_ReadPacket
 .text.USB_EPSetStall
                0x0000000008003468       0x5a ./Drivers/STM32F4xx_HAL_Driver/Src/stm32f4xx_ll_usb.o
                0x0000000008003468                USB_EPSetStall
 .text.USB_EPClearStall
                0x00000000080034c2       0x5c ./Drivers/STM32F4xx_HAL_Driver/Src/stm32f4xx_ll_usb.o
                0x00000000080034c2                USB_EPClearStall
 .text.USB_SetDevAddress
                0x000000000800351e       0x20 ./Drivers/STM32F4xx_HAL_Driver/Src/stm32f4xx_ll_usb.o
                0x000000000800351e                USB_SetDevAddress
 .text.USB_DevConnect
                0x000000000800353e       0x1c ./Drivers/STM32F4xx_HAL_Driver/Src/stm32f4xx_ll_usb.o
                0x000000000800353e                USB_DevConnect
 .text.USB_DevDisconnect
                0x000000000800355a       0x1c ./Drivers/STM32F4xx_HAL_Driver/Src/stm32f4xx_ll_usb.o
                0x000000000800355a                USB_DevDisconnect
 .text.USB_ReadInterrupts
                0x0000000008003576        0x8 ./Drivers/STM32F4xx_HAL_Driver/Src/stm32f4xx_ll_usb.o
                0x0000000008003576                USB_ReadInterrupts
 .text.USB_ReadDevAllOutEpInterrupt
                0x000000000800357e       0x10 ./Drivers/STM32F4xx_HAL_Driver/Src/stm32f4xx_ll_usb.o
                0x000000000800357e                USB_ReadDevAllOutEpInterrupt
 .text.USB_ReadDevAllInEpInterrupt
                0x000000000800358e       0x10 ./Drivers/STM32F4xx_HAL_Driver/Src/stm32f4xx_ll_usb.o
                0x000000000800358e                USB_ReadDevAllInEpInterrupt
 .text.USB_ReadDevOutEPInterrupt
                0x000000000800359e       0x12 ./Drivers/STM32F4xx_HAL_Driver/Src/stm32f4xx_ll_usb.o
                0x000000000800359e                USB_ReadDevOutEPInterrupt
 .text.USB_ReadDevInEPInterrupt
                0x00000000080035b0       0x28 ./Drivers/STM32F4xx_HAL_Driver/Src/stm32f4xx_ll_usb.o
                0x00000000080035b0                USB_ReadDevInEPInterrupt
 .text.USB_GetMode
                0x00000000080035d8        0x8 ./Drivers/STM32F4xx_HAL_Driver/Src/stm32f4xx_ll_usb.o
                0x00000000080035d8                USB_GetMode
 .text.USB_SetCurrentMode
                0x00000000080035e0       0x62 ./Drivers/STM32F4xx_HAL_Driver/Src/stm32f4xx_ll_usb.o
                0x00000000080035e0                USB_SetCurrentMode
 .text.USB_ActivateSetup
                0x0000000008003642       0x20 ./Drivers/STM32F4xx_HAL_Driver/Src/stm32f4xx_ll_usb.o
                0x0000000008003642                USB_ActivateSetup
 *fill*         0x0000000008003662        0x2 
 .text.USB_EP0_OutStart
                0x0000000008003664       0x60 ./Drivers/STM32F4xx_HAL_Driver/Src/stm32f4xx_ll_usb.o
                0x0000000008003664                USB_EP0_OutStart
 .text.USBD_CDC_EP0_RxReady
                0x00000000080036c4       0x36 ./Middlewares/ST/STM32_USB_Device_Library/Class/CDC/Src/usbd_cdc.o
 *fill*         0x00000000080036fa        0x2 
 .text.USBD_CDC_GetFSCfgDesc
                0x00000000080036fc        0xc ./Middlewares/ST/STM32_USB_Device_Library/Class/CDC/Src/usbd_cdc.o
 .text.USBD_CDC_GetHSCfgDesc
                0x0000000008003708        0xc ./Middlewares/ST/STM32_USB_Device_Library/Class/CDC/Src/usbd_cdc.o
 .text.USBD_CDC_GetOtherSpeedCfgDesc
                0x0000000008003714        0xc ./Middlewares/ST/STM32_USB_Device_Library/Class/CDC/Src/usbd_cdc.o
 .text.USBD_CDC_GetDeviceQualifierDescriptor
                0x0000000008003720        0xc ./Middlewares/ST/STM32_USB_Device_Library/Class/CDC/Src/usbd_cdc.o
                0x0000000008003720                USBD_CDC_GetDeviceQualifierDescriptor
 .text.USBD_CDC_DataOut
                0x000000000800372c       0x2a ./Middlewares/ST/STM32_USB_Device_Library/Class/CDC/Src/usbd_cdc.o
 .text.USBD_CDC_DataIn
                0x0000000008003756       0x6a ./Middlewares/ST/STM32_USB_Device_Library/Class/CDC/Src/usbd_cdc.o
 .text.USBD_CDC_Setup
                0x00000000080037c0       0xf4 ./Middlewares/ST/STM32_USB_Device_Library/Class/CDC/Src/usbd_cdc.o
 .text.USBD_CDC_DeInit
                0x00000000080038b4       0x48 ./Middlewares/ST/STM32_USB_Device_Library/Class/CDC/Src/usbd_cdc.o
 .text.USBD_CDC_Init
                0x00000000080038fc       0xc2 ./Middlewares/ST/STM32_USB_Device_Library/Class/CDC/Src/usbd_cdc.o
 .text.USBD_CDC_RegisterInterface
                0x00000000080039be        0xe ./Middlewares/ST/STM32_USB_Device_Library/Class/CDC/Src/usbd_cdc.o
                0x00000000080039be                USBD_CDC_RegisterInterface
 .text.USBD_CDC_SetTxBuffer
                0x00000000080039cc       0x16 ./Middlewares/ST/STM32_USB_Device_Library/Class/CDC/Src/usbd_cdc.o
                0x00000000080039cc                USBD_CDC_SetTxBuffer
 .text.USBD_CDC_SetRxBuffer
                0x00000000080039e2       0x12 ./Middlewares/ST/STM32_USB_Device_Library/Class/CDC/Src/usbd_cdc.o
                0x00000000080039e2                USBD_CDC_SetRxBuffer
 .text.USBD_CDC_TransmitPacket
                0x00000000080039f4       0x34 ./Middlewares/ST/STM32_USB_Device_Library/Class/CDC/Src/usbd_cdc.o
                0x00000000080039f4                USBD_CDC_TransmitPacket
 .text.USBD_CDC_ReceivePacket
                0x0000000008003a28       0x32 ./Middlewares/ST/STM32_USB_Device_Library/Class/CDC/Src/usbd_cdc.o
                0x0000000008003a28                USBD_CDC_ReceivePacket
 .text.USBD_Init
                0x0000000008003a5a       0x2e ./Middlewares/ST/STM32_USB_Device_Library/Core/Src/usbd_core.o
                0x0000000008003a5a                USBD_Init
 .text.USBD_RegisterClass
                0x0000000008003a88       0x2e ./Middlewares/ST/STM32_USB_Device_Library/Core/Src/usbd_core.o
                0x0000000008003a88                USBD_RegisterClass
 .text.USBD_Start
                0x0000000008003ab6        0x8 ./Middlewares/ST/STM32_USB_Device_Library/Core/Src/usbd_core.o
                0x0000000008003ab6                USBD_Start
 .text.USBD_SetClassConfig
                0x0000000008003abe       0x12 ./Middlewares/ST/STM32_USB_Device_Library/Core/Src/usbd_core.o
                0x0000000008003abe                USBD_SetClassConfig
 .text.USBD_ClrClassConfig
                0x0000000008003ad0       0x10 ./Middlewares/ST/STM32_USB_Device_Library/Core/Src/usbd_core.o
                0x0000000008003ad0                USBD_ClrClassConfig
 .text.USBD_LL_SetupStage
                0x0000000008003ae0       0x58 ./Middlewares/ST/STM32_USB_Device_Library/Core/Src/usbd_core.o
                0x0000000008003ae0                USBD_LL_SetupStage
 .text.USBD_LL_DataOutStage
                0x0000000008003b38       0x78 ./Middlewares/ST/STM32_USB_Device_Library/Core/Src/usbd_core.o
                0x0000000008003b38                USBD_LL_DataOutStage
 .text.USBD_LL_DataInStage
                0x0000000008003bb0       0xbe ./Middlewares/ST/STM32_USB_Device_Library/Core/Src/usbd_core.o
                0x0000000008003bb0                USBD_LL_DataInStage
 .text.USBD_LL_Reset
                0x0000000008003c6e       0x5a ./Middlewares/ST/STM32_USB_Device_Library/Core/Src/usbd_core.o
                0x0000000008003c6e                USBD_LL_Reset
 .text.USBD_LL_SetSpeed
                0x0000000008003cc8        0x6 ./Middlewares/ST/STM32_USB_Device_Library/Core/Src/usbd_core.o
                0x0000000008003cc8                USBD_LL_SetSpeed
 .text.USBD_LL_Suspend
                0x0000000008003cce       0x14 ./Middlewares/ST/STM32_USB_Device_Library/Core/Src/usbd_core.o
                0x0000000008003cce                USBD_LL_Suspend
 .text.USBD_LL_Resume
                0x0000000008003ce2       0x1a ./Middlewares/ST/STM32_USB_Device_Library/Core/Src/usbd_core.o
                0x0000000008003ce2                USBD_LL_Resume
 .text.USBD_LL_SOF
                0x0000000008003cfc       0x28 ./Middlewares/ST/STM32_USB_Device_Library/Core/Src/usbd_core.o
                0x0000000008003cfc                USBD_LL_SOF
 .text.USBD_LL_IsoINIncomplete
                0x0000000008003d24       0x28 ./Middlewares/ST/STM32_USB_Device_Library/Core/Src/usbd_core.o
                0x0000000008003d24                USBD_LL_IsoINIncomplete
 .text.USBD_LL_IsoOUTIncomplete
                0x0000000008003d4c       0x28 ./Middlewares/ST/STM32_USB_Device_Library/Core/Src/usbd_core.o
                0x0000000008003d4c                USBD_LL_IsoOUTIncomplete
 .text.USBD_LL_DevConnected
                0x0000000008003d74        0x4 ./Middlewares/ST/STM32_USB_Device_Library/Core/Src/usbd_core.o
                0x0000000008003d74                USBD_LL_DevConnected
 .text.USBD_LL_DevDisconnected
                0x0000000008003d78       0x18 ./Middlewares/ST/STM32_USB_Device_Library/Core/Src/usbd_core.o
                0x0000000008003d78                USBD_LL_DevDisconnected
 .text.USBD_GetLen
                0x0000000008003d90       0x12 ./Middlewares/ST/STM32_USB_Device_Library/Core/Src/usbd_ctlreq.o
 .text.USBD_SetFeature
                0x0000000008003da2       0x14 ./Middlewares/ST/STM32_USB_Device_Library/Core/Src/usbd_ctlreq.o
 .text.USBD_ParseSetupRequest
                0x0000000008003db6       0x28 ./Middlewares/ST/STM32_USB_Device_Library/Core/Src/usbd_ctlreq.o
                0x0000000008003db6                USBD_ParseSetupRequest
 .text.USBD_CtlError
                0x0000000008003dde       0x14 ./Middlewares/ST/STM32_USB_Device_Library/Core/Src/usbd_ctlreq.o
                0x0000000008003dde                USBD_CtlError
 .text.USBD_GetDescriptor
                0x0000000008003df2      0x18a ./Middlewares/ST/STM32_USB_Device_Library/Core/Src/usbd_ctlreq.o
 .text.USBD_SetAddress
                0x0000000008003f7c       0x50 ./Middlewares/ST/STM32_USB_Device_Library/Core/Src/usbd_ctlreq.o
 .text.USBD_SetConfig
                0x0000000008003fcc       0xc8 ./Middlewares/ST/STM32_USB_Device_Library/Core/Src/usbd_ctlreq.o
 .text.USBD_GetConfig
                0x0000000008004094       0x40 ./Middlewares/ST/STM32_USB_Device_Library/Core/Src/usbd_ctlreq.o
 .text.USBD_GetStatus
                0x00000000080040d4       0x38 ./Middlewares/ST/STM32_USB_Device_Library/Core/Src/usbd_ctlreq.o
 .text.USBD_ClrFeature
                0x000000000800410c       0x26 ./Middlewares/ST/STM32_USB_Device_Library/Core/Src/usbd_ctlreq.o
 .text.USBD_StdDevReq
                0x0000000008004132       0x70 ./Middlewares/ST/STM32_USB_Device_Library/Core/Src/usbd_ctlreq.o
                0x0000000008004132                USBD_StdDevReq
 .text.USBD_StdItfReq
                0x00000000080041a2       0x68 ./Middlewares/ST/STM32_USB_Device_Library/Core/Src/usbd_ctlreq.o
                0x00000000080041a2                USBD_StdItfReq
 .text.USBD_StdEPReq
                0x000000000800420a      0x1ec ./Middlewares/ST/STM32_USB_Device_Library/Core/Src/usbd_ctlreq.o
                0x000000000800420a                USBD_StdEPReq
 .text.USBD_GetString
                0x00000000080043f6       0x36 ./Middlewares/ST/STM32_USB_Device_Library/Core/Src/usbd_ctlreq.o
                0x00000000080043f6                USBD_GetString
 .text.USBD_CtlSendData
                0x000000000800442c       0x1a ./Middlewares/ST/STM32_USB_Device_Library/Core/Src/usbd_ioreq.o
                0x000000000800442c                USBD_CtlSendData
 .text.USBD_CtlContinueSendData
                0x0000000008004446       0x10 ./Middlewares/ST/STM32_USB_Device_Library/Core/Src/usbd_ioreq.o
                0x0000000008004446                USBD_CtlContinueSendData
 .text.USBD_CtlPrepareRx
                0x0000000008004456       0x1e ./Middlewares/ST/STM32_USB_Device_Library/Core/Src/usbd_ioreq.o
                0x0000000008004456                USBD_CtlPrepareRx
 .text.USBD_CtlContinueRx
                0x0000000008004474       0x10 ./Middlewares/ST/STM32_USB_Device_Library/Core/Src/usbd_ioreq.o
                0x0000000008004474                USBD_CtlContinueRx
 .text.USBD_CtlSendStatus
                0x0000000008004484       0x16 ./Middlewares/ST/STM32_USB_Device_Library/Core/Src/usbd_ioreq.o
                0x0000000008004484                USBD_CtlSendStatus
 .text.USBD_CtlReceiveStatus
                0x000000000800449a       0x16 ./Middlewares/ST/STM32_USB_Device_Library/Core/Src/usbd_ioreq.o
                0x000000000800449a                USBD_CtlReceiveStatus
 .text.makeFreeRtosPriority
                0x00000000080044b0        0xc ./Middlewares/Third_Party/FreeRTOS/Source/CMSIS_RTOS/cmsis_os.o
 .text.inHandlerMode
                0x00000000080044bc        0xc ./Middlewares/Third_Party/FreeRTOS/Source/CMSIS_RTOS/cmsis_os.o
 .text.osKernelStart
                0x00000000080044c8        0xa ./Middlewares/Third_Party/FreeRTOS/Source/CMSIS_RTOS/cmsis_os.o
                0x00000000080044c8                osKernelStart
 .text.osThreadCreate
                0x00000000080044d2       0x6a ./Middlewares/Third_Party/FreeRTOS/Source/CMSIS_RTOS/cmsis_os.o
                0x00000000080044d2                osThreadCreate
 .text.osDelay  0x000000000800453c        0xe ./Middlewares/Third_Party/FreeRTOS/Source/CMSIS_RTOS/cmsis_os.o
                0x000000000800453c                osDelay
 .text.osMessageCreate
                0x000000000800454a       0x2a ./Middlewares/Third_Party/FreeRTOS/Source/CMSIS_RTOS/cmsis_os.o
                0x000000000800454a                osMessageCreate
 .text.osMessagePut
                0x0000000008004574       0x68 ./Middlewares/Third_Party/FreeRTOS/Source/CMSIS_RTOS/cmsis_os.o
                0x0000000008004574                osMessagePut
 .text.vListInitialise
                0x00000000080045dc       0x16 ./Middlewares/Third_Party/FreeRTOS/Source/list.o
                0x00000000080045dc                vListInitialise
 .text.vListInitialiseItem
                0x00000000080045f2        0x6 ./Middlewares/Third_Party/FreeRTOS/Source/list.o
                0x00000000080045f2                vListInitialiseItem
 .text.vListInsertEnd
                0x00000000080045f8       0x16 ./Middlewares/Third_Party/FreeRTOS/Source/list.o
                0x00000000080045f8                vListInsertEnd
 .text.vListInsert
                0x000000000800460e       0x32 ./Middlewares/Third_Party/FreeRTOS/Source/list.o
                0x000000000800460e                vListInsert
 .text.uxListRemove
                0x0000000008004640       0x26 ./Middlewares/Third_Party/FreeRTOS/Source/list.o
                0x0000000008004640                uxListRemove
 .text.prvIsQueueFull
                0x0000000008004666       0x1e ./Middlewares/Third_Party/FreeRTOS/Source/queue.o
 .text.prvCopyDataToQueue
                0x0000000008004684       0x76 ./Middlewares/Third_Party/FreeRTOS/Source/queue.o
 .text.prvUnlockQueue
                0x00000000080046fa       0x6e ./Middlewares/Third_Party/FreeRTOS/Source/queue.o
 .text.xQueueGenericReset
                0x0000000008004768       0x84 ./Middlewares/Third_Party/FreeRTOS/Source/queue.o
                0x0000000008004768                xQueueGenericReset
 .text.prvInitialiseNewQueue
                0x00000000080047ec       0x1c ./Middlewares/Third_Party/FreeRTOS/Source/queue.o
 .text.xQueueGenericCreateStatic
                0x0000000008004808       0x94 ./Middlewares/Third_Party/FreeRTOS/Source/queue.o
                0x0000000008004808                xQueueGenericCreateStatic
 .text.xQueueGenericCreate
                0x000000000800489c       0x48 ./Middlewares/Third_Party/FreeRTOS/Source/queue.o
                0x000000000800489c                xQueueGenericCreate
 .text.xQueueGenericSend
                0x00000000080048e4      0x180 ./Middlewares/Third_Party/FreeRTOS/Source/queue.o
                0x00000000080048e4                xQueueGenericSend
 .text.xQueueGenericSendFromISR
                0x0000000008004a64       0xd0 ./Middlewares/Third_Party/FreeRTOS/Source/queue.o
                0x0000000008004a64                xQueueGenericSendFromISR
 .text.prvResetNextTaskUnblockTime
                0x0000000008004b34       0x2c ./Middlewares/Third_Party/FreeRTOS/Source/tasks.o
 .text.prvInitialiseNewTask
                0x0000000008004b60       0x8e ./Middlewares/Third_Party/FreeRTOS/Source/tasks.o
 *fill*         0x0000000008004bee        0x2 
 .text.prvInitialiseTaskLists
                0x0000000008004bf0       0x68 ./Middlewares/Third_Party/FreeRTOS/Source/tasks.o
 .text.prvAddNewTaskToReadyList
                0x0000000008004c58       0xa8 ./Middlewares/Third_Party/FreeRTOS/Source/tasks.o
 .text.prvDeleteTCB
                0x0000000008004d00       0x38 ./Middlewares/Third_Party/FreeRTOS/Source/tasks.o
 .text.prvCheckTasksWaitingTermination
                0x0000000008004d38       0x4c ./Middlewares/Third_Party/FreeRTOS/Source/tasks.o
 .text.prvIdleTask
                0x0000000008004d84       0x28 ./Middlewares/Third_Party/FreeRTOS/Source/tasks.o
 .text.prvAddCurrentTaskToDelayedList
                0x0000000008004dac       0x98 ./Middlewares/Third_Party/FreeRTOS/Source/tasks.o
 .text.xTaskCreateStatic
                0x0000000008004e44       0x74 ./Middlewares/Third_Party/FreeRTOS/Source/tasks.o
                0x0000000008004e44                xTaskCreateStatic
 .text.xTaskCreate
                0x0000000008004eb8       0x68 ./Middlewares/Third_Party/FreeRTOS/Source/tasks.o
                0x0000000008004eb8                xTaskCreate
 .text.vTaskStartScheduler
                0x0000000008004f20       0x6c ./Middlewares/Third_Party/FreeRTOS/Source/tasks.o
                0x0000000008004f20                vTaskStartScheduler
 .text.vTaskSuspendAll
                0x0000000008004f8c       0x10 ./Middlewares/Third_Party/FreeRTOS/Source/tasks.o
                0x0000000008004f8c                vTaskSuspendAll
 .text.xTaskIncrementTick
                0x0000000008004f9c      0x118 ./Middlewares/Third_Party/FreeRTOS/Source/tasks.o
                0x0000000008004f9c                xTaskIncrementTick
 .text.xTaskResumeAll
                0x00000000080050b4       0xf8 ./Middlewares/Third_Party/FreeRTOS/Source/tasks.o
                0x00000000080050b4                xTaskResumeAll
 .text.vTaskDelay
                0x00000000080051ac       0x4c ./Middlewares/Third_Party/FreeRTOS/Source/tasks.o
                0x00000000080051ac                vTaskDelay
 .text.vTaskSwitchContext
                0x00000000080051f8       0x98 ./Middlewares/Third_Party/FreeRTOS/Source/tasks.o
                0x00000000080051f8                vTaskSwitchContext
 .text.vTaskPlaceOnEventList
                0x0000000008005290       0x30 ./Middlewares/Third_Party/FreeRTOS/Source/tasks.o
                0x0000000008005290                vTaskPlaceOnEventList
 .text.xTaskRemoveFromEventList
                0x00000000080052c0       0x8c ./Middlewares/Third_Party/FreeRTOS/Source/tasks.o
                0x00000000080052c0                xTaskRemoveFromEventList
 .text.vTaskInternalSetTimeOutState
                0x000000000800534c       0x18 ./Middlewares/Third_Party/FreeRTOS/Source/tasks.o
                0x000000000800534c                vTaskInternalSetTimeOutState
 .text.xTaskCheckForTimeOut
                0x0000000008005364       0x84 ./Middlewares/Third_Party/FreeRTOS/Source/tasks.o
                0x0000000008005364                xTaskCheckForTimeOut
 .text.vTaskMissedYield
                0x00000000080053e8        0xc ./Middlewares/Third_Party/FreeRTOS/Source/tasks.o
                0x00000000080053e8                vTaskMissedYield
 .text.xTaskGetSchedulerState
                0x00000000080053f4       0x20 ./Middlewares/Third_Party/FreeRTOS/Source/tasks.o
                0x00000000080053f4                xTaskGetSchedulerState
 .text.xTaskPriorityDisinherit
                0x0000000008005414       0xb4 ./Middlewares/Third_Party/FreeRTOS/Source/tasks.o
                0x0000000008005414                xTaskPriorityDisinherit
 .text.prvTaskExitError
                0x00000000080054c8       0x40 ./Middlewares/Third_Party/FreeRTOS/Source/portable/GCC/ARM_CM4F/port.o
 .text.prvPortStartFirstTask
                0x0000000008005508       0x28 ./Middlewares/Third_Party/FreeRTOS/Source/portable/GCC/ARM_CM4F/port.o
 .text.vPortEnableVFP
                0x0000000008005530       0x14 ./Middlewares/Third_Party/FreeRTOS/Source/portable/GCC/ARM_CM4F/port.o
 .text.pxPortInitialiseStack
                0x0000000008005544       0x2c ./Middlewares/Third_Party/FreeRTOS/Source/portable/GCC/ARM_CM4F/port.o
                0x0000000008005544                pxPortInitialiseStack
 .text.SVC_Handler
                0x0000000008005570       0x24 ./Middlewares/Third_Party/FreeRTOS/Source/portable/GCC/ARM_CM4F/port.o
                0x0000000008005570                SVC_Handler
 .text.vPortEnterCritical
                0x0000000008005594       0x44 ./Middlewares/Third_Party/FreeRTOS/Source/portable/GCC/ARM_CM4F/port.o
                0x0000000008005594                vPortEnterCritical
 .text.vPortExitCritical
                0x00000000080055d8       0x2c ./Middlewares/Third_Party/FreeRTOS/Source/portable/GCC/ARM_CM4F/port.o
                0x00000000080055d8                vPortExitCritical
 *fill*         0x0000000008005604        0xc 
 .text.PendSV_Handler
                0x0000000008005610       0x64 ./Middlewares/Third_Party/FreeRTOS/Source/portable/GCC/ARM_CM4F/port.o
                0x0000000008005610                PendSV_Handler
 .text.xPortSysTickHandler
                0x0000000008005674       0x2c ./Middlewares/Third_Party/FreeRTOS/Source/portable/GCC/ARM_CM4F/port.o
                0x0000000008005674                xPortSysTickHandler
 .text.vPortSetupTimerInterrupt
                0x00000000080056a0       0x38 ./Middlewares/Third_Party/FreeRTOS/Source/portable/GCC/ARM_CM4F/port.o
                0x00000000080056a0                vPortSetupTimerInterrupt
 .text.xPortStartScheduler
                0x00000000080056d8      0x110 ./Middlewares/Third_Party/FreeRTOS/Source/portable/GCC/ARM_CM4F/port.o
                0x00000000080056d8                xPortStartScheduler
 .text.vPortValidateInterruptPriority
                0x00000000080057e8       0x5c ./Middlewares/Third_Party/FreeRTOS/Source/portable/GCC/ARM_CM4F/port.o
                0x00000000080057e8                vPortValidateInterruptPriority
 .text.prvHeapInit
                0x0000000008005844       0x64 ./Middlewares/Third_Party/FreeRTOS/Source/portable/MemMang/heap_4.o
 .text.prvInsertBlockIntoFreeList
                0x00000000080058a8       0x58 ./Middlewares/Third_Party/FreeRTOS/Source/portable/MemMang/heap_4.o
 .text.pvPortMalloc
                0x0000000008005900       0xfc ./Middlewares/Third_Party/FreeRTOS/Source/portable/MemMang/heap_4.o
                0x0000000008005900                pvPortMalloc
 .text.vPortFree
                0x00000000080059fc       0x7c ./Middlewares/Third_Party/FreeRTOS/Source/portable/MemMang/heap_4.o
                0x00000000080059fc                vPortFree
 .text.MX_USB_DEVICE_Init
                0x0000000008005a78       0x54 ./USB_DEVICE/App/usb_device.o
                0x0000000008005a78                MX_USB_DEVICE_Init
 .text.CDC_DeInit_FS
                0x0000000008005acc        0x4 ./USB_DEVICE/App/usbd_cdc_if.o
 .text.CDC_Control_FS
                0x0000000008005ad0        0x4 ./USB_DEVICE/App/usbd_cdc_if.o
 .text.CDC_TransmitCplt_FS
                0x0000000008005ad4        0x4 ./USB_DEVICE/App/usbd_cdc_if.o
 .text.CDC_Receive_FS
                0x0000000008005ad8       0x1c ./USB_DEVICE/App/usbd_cdc_if.o
 .text.CDC_Init_FS
                0x0000000008005af4       0x28 ./USB_DEVICE/App/usbd_cdc_if.o
 .text.CDC_Transmit_FS
                0x0000000008005b1c       0x2c ./USB_DEVICE/App/usbd_cdc_if.o
                0x0000000008005b1c                CDC_Transmit_FS
 .text.USBD_FS_DeviceDescriptor
                0x0000000008005b48        0xc ./USB_DEVICE/App/usbd_desc.o
                0x0000000008005b48                USBD_FS_DeviceDescriptor
 .text.USBD_FS_LangIDStrDescriptor
                0x0000000008005b54        0xc ./USB_DEVICE/App/usbd_desc.o
                0x0000000008005b54                USBD_FS_LangIDStrDescriptor
 .text.IntToUnicode
                0x0000000008005b60       0x38 ./USB_DEVICE/App/usbd_desc.o
 .text.Get_SerialNum
                0x0000000008005b98       0x34 ./USB_DEVICE/App/usbd_desc.o
 .text.USBD_FS_SerialStrDescriptor
                0x0000000008005bcc       0x14 ./USB_DEVICE/App/usbd_desc.o
                0x0000000008005bcc                USBD_FS_SerialStrDescriptor
 .text.USBD_FS_ProductStrDescriptor
                0x0000000008005be0       0x24 ./USB_DEVICE/App/usbd_desc.o
                0x0000000008005be0                USBD_FS_ProductStrDescriptor
 .text.USBD_FS_ManufacturerStrDescriptor
                0x0000000008005c04       0x1c ./USB_DEVICE/App/usbd_desc.o
                0x0000000008005c04                USBD_FS_ManufacturerStrDescriptor
 .text.USBD_FS_ConfigStrDescriptor
                0x0000000008005c20       0x24 ./USB_DEVICE/App/usbd_desc.o
                0x0000000008005c20                USBD_FS_ConfigStrDescriptor
 .text.USBD_FS_InterfaceStrDescriptor
                0x0000000008005c44       0x24 ./USB_DEVICE/App/usbd_desc.o
                0x0000000008005c44                USBD_FS_InterfaceStrDescriptor
 .text.HAL_PCD_MspInit
                0x0000000008005c68       0x88 ./USB_DEVICE/Target/usbd_conf.o
                0x0000000008005c68                HAL_PCD_MspInit
 .text.HAL_PCD_SetupStageCallback
                0x0000000008005cf0       0x10 ./USB_DEVICE/Target/usbd_conf.o
                0x0000000008005cf0                HAL_PCD_SetupStageCallback
 .text.HAL_PCD_DataOutStageCallback
                0x0000000008005d00       0x18 ./USB_DEVICE/Target/usbd_conf.o
                0x0000000008005d00                HAL_PCD_DataOutStageCallback
 .text.HAL_PCD_DataInStageCallback
                0x0000000008005d18       0x16 ./USB_DEVICE/Target/usbd_conf.o
                0x0000000008005d18                HAL_PCD_DataInStageCallback
 .text.HAL_PCD_SOFCallback
                0x0000000008005d2e        0xc ./USB_DEVICE/Target/usbd_conf.o
                0x0000000008005d2e                HAL_PCD_SOFCallback
 .text.HAL_PCD_ResetCallback
                0x0000000008005d3a       0x2c ./USB_DEVICE/Target/usbd_conf.o
                0x0000000008005d3a                HAL_PCD_ResetCallback
 *fill*         0x0000000008005d66        0x2 
 .text.HAL_PCD_SuspendCallback
                0x0000000008005d68       0x30 ./USB_DEVICE/Target/usbd_conf.o
                0x0000000008005d68                HAL_PCD_SuspendCallback
 .text.HAL_PCD_ResumeCallback
                0x0000000008005d98        0xc ./USB_DEVICE/Target/usbd_conf.o
                0x0000000008005d98                HAL_PCD_ResumeCallback
 .text.HAL_PCD_ISOOUTIncompleteCallback
                0x0000000008005da4        0xc ./USB_DEVICE/Target/usbd_conf.o
                0x0000000008005da4                HAL_PCD_ISOOUTIncompleteCallback
 .text.HAL_PCD_ISOINIncompleteCallback
                0x0000000008005db0        0xc ./USB_DEVICE/Target/usbd_conf.o
                0x0000000008005db0                HAL_PCD_ISOINIncompleteCallback
 .text.HAL_PCD_ConnectCallback
                0x0000000008005dbc        0xc ./USB_DEVICE/Target/usbd_conf.o
                0x0000000008005dbc                HAL_PCD_ConnectCallback
 .text.HAL_PCD_DisconnectCallback
                0x0000000008005dc8        0xc ./USB_DEVICE/Target/usbd_conf.o
                0x0000000008005dc8                HAL_PCD_DisconnectCallback
 .text.USBD_LL_Init
                0x0000000008005dd4       0x68 ./USB_DEVICE/Target/usbd_conf.o
                0x0000000008005dd4                USBD_LL_Init
 .text.USBD_LL_IsStallEP
                0x0000000008005e3c       0x2e ./USB_DEVICE/Target/usbd_conf.o
                0x0000000008005e3c                USBD_LL_IsStallEP
 .text.USBD_LL_GetRxDataSize
                0x0000000008005e6a        0xc ./USB_DEVICE/Target/usbd_conf.o
                0x0000000008005e6a                USBD_LL_GetRxDataSize
 *fill*         0x0000000008005e76        0x2 
 .text.USBD_static_malloc
                0x0000000008005e78        0x8 ./USB_DEVICE/Target/usbd_conf.o
                0x0000000008005e78                USBD_static_malloc
 .text.USBD_static_free
                0x0000000008005e80        0x2 ./USB_DEVICE/Target/usbd_conf.o
                0x0000000008005e80                USBD_static_free
 .text.USBD_Get_USB_Status
                0x0000000008005e82       0x14 ./USB_DEVICE/Target/usbd_conf.o
                0x0000000008005e82                USBD_Get_USB_Status
 .text.USBD_LL_Start
                0x0000000008005e96       0x10 ./USB_DEVICE/Target/usbd_conf.o
                0x0000000008005e96                USBD_LL_Start
 .text.USBD_LL_OpenEP
                0x0000000008005ea6       0x16 ./USB_DEVICE/Target/usbd_conf.o
                0x0000000008005ea6                USBD_LL_OpenEP
 .text.USBD_LL_CloseEP
                0x0000000008005ebc       0x10 ./USB_DEVICE/Target/usbd_conf.o
                0x0000000008005ebc                USBD_LL_CloseEP
 .text.USBD_LL_StallEP
                0x0000000008005ecc       0x10 ./USB_DEVICE/Target/usbd_conf.o
                0x0000000008005ecc                USBD_LL_StallEP
 .text.USBD_LL_ClearStallEP
                0x0000000008005edc       0x10 ./USB_DEVICE/Target/usbd_conf.o
                0x0000000008005edc                USBD_LL_ClearStallEP
 .text.USBD_LL_SetUSBAddress
                0x0000000008005eec       0x10 ./USB_DEVICE/Target/usbd_conf.o
                0x0000000008005eec                USBD_LL_SetUSBAddress
 .text.USBD_LL_Transmit
                0x0000000008005efc       0x10 ./USB_DEVICE/Target/usbd_conf.o
                0x0000000008005efc                USBD_LL_Transmit
 .text.USBD_LL_PrepareReceive
                0x0000000008005f0c       0x10 ./USB_DEVICE/Target/usbd_conf.o
                0x0000000008005f0c                USBD_LL_PrepareReceive
 .text.__errno  0x0000000008005f1c        0xc c:/st/stm32cubeide_1.7.0/stm32cubeide/plugins/com.st.stm32cube.ide.mcu.externaltools.gnu-tools-for-stm32.9-2020-q2-update.win32_2.0.0.202105311346/tools/bin/../lib/gcc/arm-none-eabi/9.3.1/../../../../arm-none-eabi/lib/thumb/v7e-m+fp/hard\libc_nano.a(lib_a-errno.o)
                0x0000000008005f1c                __errno
 .text.__libc_init_array
                0x0000000008005f28       0x48 c:/st/stm32cubeide_1.7.0/stm32cubeide/plugins/com.st.stm32cube.ide.mcu.externaltools.gnu-tools-for-stm32.9-2020-q2-update.win32_2.0.0.202105311346/tools/bin/../lib/gcc/arm-none-eabi/9.3.1/../../../../arm-none-eabi/lib/thumb/v7e-m+fp/hard\libc_nano.a(lib_a-init.o)
                0x0000000008005f28                __libc_init_array
 .text.malloc   0x0000000008005f70       0x10 c:/st/stm32cubeide_1.7.0/stm32cubeide/plugins/com.st.stm32cube.ide.mcu.externaltools.gnu-tools-for-stm32.9-2020-q2-update.win32_2.0.0.202105311346/tools/bin/../lib/gcc/arm-none-eabi/9.3.1/../../../../arm-none-eabi/lib/thumb/v7e-m+fp/hard\libc_nano.a(lib_a-malloc.o)
                0x0000000008005f70                malloc
 .text.memcpy   0x0000000008005f80       0x1c c:/st/stm32cubeide_1.7.0/stm32cubeide/plugins/com.st.stm32cube.ide.mcu.externaltools.gnu-tools-for-stm32.9-2020-q2-update.win32_2.0.0.202105311346/tools/bin/../lib/gcc/arm-none-eabi/9.3.1/../../../../arm-none-eabi/lib/thumb/v7e-m+fp/hard\libc_nano.a(lib_a-memcpy-stub.o)
                0x0000000008005f80                memcpy
 .text.memset   0x0000000008005f9c       0x10 c:/st/stm32cubeide_1.7.0/stm32cubeide/plugins/com.st.stm32cube.ide.mcu.externaltools.gnu-tools-for-stm32.9-2020-q2-update.win32_2.0.0.202105311346/tools/bin/../lib/gcc/arm-none-eabi/9.3.1/../../../../arm-none-eabi/lib/thumb/v7e-m+fp/hard\libc_nano.a(lib_a-memset.o)
                0x0000000008005f9c                memset
 .text._free_r  0x0000000008005fac       0xa0 c:/st/stm32cubeide_1.7.0/stm32cubeide/plugins/com.st.stm32cube.ide.mcu.externaltools.gnu-tools-for-stm32.9-2020-q2-update.win32_2.0.0.202105311346/tools/bin/../lib/gcc/arm-none-eabi/9.3.1/../../../../arm-none-eabi/lib/thumb/v7e-m+fp/hard\libc_nano.a(lib_a-nano-freer.o)
                0x0000000008005fac                _free_r
 .text._malloc_r
                0x000000000800604c       0xb4 c:/st/stm32cubeide_1.7.0/stm32cubeide/plugins/com.st.stm32cube.ide.mcu.externaltools.gnu-tools-for-stm32.9-2020-q2-update.win32_2.0.0.202105311346/tools/bin/../lib/gcc/arm-none-eabi/9.3.1/../../../../arm-none-eabi/lib/thumb/v7e-m+fp/hard\libc_nano.a(lib_a-nano-mallocr.o)
                0x000000000800604c                _malloc_r
 .text._sbrk_r  0x0000000008006100       0x20 c:/st/stm32cubeide_1.7.0/stm32cubeide/plugins/com.st.stm32cube.ide.mcu.externaltools.gnu-tools-for-stm32.9-2020-q2-update.win32_2.0.0.202105311346/tools/bin/../lib/gcc/arm-none-eabi/9.3.1/../../../../arm-none-eabi/lib/thumb/v7e-m+fp/hard\libc_nano.a(lib_a-sbrkr.o)
                0x0000000008006100                _sbrk_r
 .text.snprintf
                0x0000000008006120       0x68 c:/st/stm32cubeide_1.7.0/stm32cubeide/plugins/com.st.stm32cube.ide.mcu.externaltools.gnu-tools-for-stm32.9-2020-q2-update.win32_2.0.0.202105311346/tools/bin/../lib/gcc/arm-none-eabi/9.3.1/../../../../arm-none-eabi/lib/thumb/v7e-m+fp/hard\libc_nano.a(lib_a-snprintf.o)
                0x0000000008006120                sniprintf
                0x0000000008006120                snprintf
 .text.sprintf  0x0000000008006188       0x40 c:/st/stm32cubeide_1.7.0/stm32cubeide/plugins/com.st.stm32cube.ide.mcu.externaltools.gnu-tools-for-stm32.9-2020-q2-update.win32_2.0.0.202105311346/tools/bin/../lib/gcc/arm-none-eabi/9.3.1/../../../../arm-none-eabi/lib/thumb/v7e-m+fp/hard\libc_nano.a(lib_a-sprintf.o)
                0x0000000008006188                siprintf
                0x0000000008006188                sprintf
 .text.__malloc_lock
                0x00000000080061c8        0xc c:/st/stm32cubeide_1.7.0/stm32cubeide/plugins/com.st.stm32cube.ide.mcu.externaltools.gnu-tools-for-stm32.9-2020-q2-update.win32_2.0.0.202105311346/tools/bin/../lib/gcc/arm-none-eabi/9.3.1/../../../../arm-none-eabi/lib/thumb/v7e-m+fp/hard\libc_nano.a(lib_a-mlock.o)
                0x00000000080061c8                __malloc_lock
 .text.__malloc_unlock
                0x00000000080061d4        0xc c:/st/stm32cubeide_1.7.0/stm32cubeide/plugins/com.st.stm32cube.ide.mcu.externaltools.gnu-tools-for-stm32.9-2020-q2-update.win32_2.0.0.202105311346/tools/bin/../lib/gcc/arm-none-eabi/9.3.1/../../../../arm-none-eabi/lib/thumb/v7e-m+fp/hard\libc_nano.a(lib_a-mlock.o)
                0x00000000080061d4                __malloc_unlock
 .text.__ssputs_r
                0x00000000080061e0       0xb6 c:/st/stm32cubeide_1.7.0/stm32cubeide/plugins/com.st.stm32cube.ide.mcu.externaltools.gnu-tools-for-stm32.9-2020-q2-update.win32_2.0.0.202105311346/tools/bin/../lib/gcc/arm-none-eabi/9.3.1/../../../../arm-none-eabi/lib/thumb/v7e-m+fp/hard\libc_nano.a(lib_a-nano-svfprintf.o)
                0x00000000080061e0                __ssputs_r
 *fill*         0x0000000008006296        0x2 
 .text._svfprintf_r
                0x0000000008006298      0x200 c:/st/stm32cubeide_1.7.0/stm32cubeide/plugins/com.st.stm32cube.ide.mcu.externaltools.gnu-tools-for-stm32.9-2020-q2-update.win32_2.0.0.202105311346/tools/bin/../lib/gcc/arm-none-eabi/9.3.1/../../../../arm-none-eabi/lib/thumb/v7e-m+fp/hard\libc_nano.a(lib_a-nano-svfprintf.o)
                0x0000000008006298                _svfiprintf_r
                0x0000000008006298                _svfprintf_r
 .text._printf_common
                0x0000000008006498       0xda c:/st/stm32cubeide_1.7.0/stm32cubeide/plugins/com.st.stm32cube.ide.mcu.externaltools.gnu-tools-for-stm32.9-2020-q2-update.win32_2.0.0.202105311346/tools/bin/../lib/gcc/arm-none-eabi/9.3.1/../../../../arm-none-eabi/lib/thumb/v7e-m+fp/hard\libc_nano.a(lib_a-nano-vfprintf_i.o)
                0x0000000008006498                _printf_common
 *fill*         0x0000000008006572        0x2 
 .text._printf_i
                0x0000000008006574      0x24c c:/st/stm32cubeide_1.7.0/stm32cubeide/plugins/com.st.stm32cube.ide.mcu.externaltools.gnu-tools-for-stm32.9-2020-q2-update.win32_2.0.0.202105311346/tools/bin/../lib/gcc/arm-none-eabi/9.3.1/../../../../arm-none-eabi/lib/thumb/v7e-m+fp/hard\libc_nano.a(lib_a-nano-vfprintf_i.o)
                0x0000000008006574                _printf_i
 .text.__retarget_lock_acquire_recursive
                0x00000000080067c0        0x2 c:/st/stm32cubeide_1.7.0/stm32cubeide/plugins/com.st.stm32cube.ide.mcu.externaltools.gnu-tools-for-stm32.9-2020-q2-update.win32_2.0.0.202105311346/tools/bin/../lib/gcc/arm-none-eabi/9.3.1/../../../../arm-none-eabi/lib/thumb/v7e-m+fp/hard\libc_nano.a(lib_a-lock.o)
                0x00000000080067c0                __retarget_lock_acquire_recursive
 .text.__retarget_lock_release_recursive
                0x00000000080067c2        0x2 c:/st/stm32cubeide_1.7.0/stm32cubeide/plugins/com.st.stm32cube.ide.mcu.externaltools.gnu-tools-for-stm32.9-2020-q2-update.win32_2.0.0.202105311346/tools/bin/../lib/gcc/arm-none-eabi/9.3.1/../../../../arm-none-eabi/lib/thumb/v7e-m+fp/hard\libc_nano.a(lib_a-lock.o)
                0x00000000080067c2                __retarget_lock_release_recursive
 .text.memmove  0x00000000080067c4       0x34 c:/st/stm32cubeide_1.7.0/stm32cubeide/plugins/com.st.stm32cube.ide.mcu.externaltools.gnu-tools-for-stm32.9-2020-q2-update.win32_2.0.0.202105311346/tools/bin/../lib/gcc/arm-none-eabi/9.3.1/../../../../arm-none-eabi/lib/thumb/v7e-m+fp/hard\libc_nano.a(lib_a-memmove.o)
                0x00000000080067c4                memmove
 .text._realloc_r
                0x00000000080067f8       0x4c c:/st/stm32cubeide_1.7.0/stm32cubeide/plugins/com.st.stm32cube.ide.mcu.externaltools.gnu-tools-for-stm32.9-2020-q2-update.win32_2.0.0.202105311346/tools/bin/../lib/gcc/arm-none-eabi/9.3.1/../../../../arm-none-eabi/lib/thumb/v7e-m+fp/hard\libc_nano.a(lib_a-nano-reallocr.o)
                0x00000000080067f8                _realloc_r
 .text._malloc_usable_size_r
                0x0000000008006844       0x10 c:/st/stm32cubeide_1.7.0/stm32cubeide/plugins/com.st.stm32cube.ide.mcu.externaltools.gnu-tools-for-stm32.9-2020-q2-update.win32_2.0.0.202105311346/tools/bin/../lib/gcc/arm-none-eabi/9.3.1/../../../../arm-none-eabi/lib/thumb/v7e-m+fp/hard\libc_nano.a(lib_a-nano-msizer.o)
                0x0000000008006844                _malloc_usable_size_r
 *(.glue_7)
 .glue_7        0x0000000008006854        0x0 linker stubs
 *(.glue_7t)
 .glue_7t       0x0000000008006854        0x0 linker stubs
 *(.eh_frame)
 .eh_frame      0x0000000008006854        0x0 c:/st/stm32cubeide_1.7.0/stm32cubeide/plugins/com.st.stm32cube.ide.mcu.externaltools.gnu-tools-for-stm32.9-2020-q2-update.win32_2.0.0.202105311346/tools/bin/../lib/gcc/arm-none-eabi/9.3.1/thumb/v7e-m+fp/hard/crtbegin.o
 *(.init)
 .init          0x0000000008006854        0x4 c:/st/stm32cubeide_1.7.0/stm32cubeide/plugins/com.st.stm32cube.ide.mcu.externaltools.gnu-tools-for-stm32.9-2020-q2-update.win32_2.0.0.202105311346/tools/bin/../lib/gcc/arm-none-eabi/9.3.1/thumb/v7e-m+fp/hard/crti.o
                0x0000000008006854                _init
 .init          0x0000000008006858        0x8 c:/st/stm32cubeide_1.7.0/stm32cubeide/plugins/com.st.stm32cube.ide.mcu.externaltools.gnu-tools-for-stm32.9-2020-q2-update.win32_2.0.0.202105311346/tools/bin/../lib/gcc/arm-none-eabi/9.3.1/thumb/v7e-m+fp/hard/crtn.o
 *(.fini)
 .fini          0x0000000008006860        0x4 c:/st/stm32cubeide_1.7.0/stm32cubeide/plugins/com.st.stm32cube.ide.mcu.externaltools.gnu-tools-for-stm32.9-2020-q2-update.win32_2.0.0.202105311346/tools/bin/../lib/gcc/arm-none-eabi/9.3.1/thumb/v7e-m+fp/hard/crti.o
                0x0000000008006860                _fini
 .fini          0x0000000008006864        0x8 c:/st/stm32cubeide_1.7.0/stm32cubeide/plugins/com.st.stm32cube.ide.mcu.externaltools.gnu-tools-for-stm32.9-2020-q2-update.win32_2.0.0.202105311346/tools/bin/../lib/gcc/arm-none-eabi/9.3.1/thumb/v7e-m+fp/hard/crtn.o
                0x000000000800686c                . = ALIGN (0x4)
                0x000000000800686c                _etext = .

.vfp11_veneer   0x000000000800686c        0x0
 .vfp11_veneer  0x000000000800686c        0x0 linker stubs

.v4_bx          0x000000000800686c        0x0
 .v4_bx         0x000000000800686c        0x0 linker stubs

.iplt           0x000000000800686c        0x0
 .iplt          0x000000000800686c        0x0 c:/st/stm32cubeide_1.7.0/stm32cubeide/plugins/com.st.stm32cube.ide.mcu.externaltools.gnu-tools-for-stm32.9-2020-q2-update.win32_2.0.0.202105311346/tools/bin/../lib/gcc/arm-none-eabi/9.3.1/thumb/v7e-m+fp/hard/crtbegin.o

.rodata         0x000000000800686c      0x100
                0x000000000800686c                . = ALIGN (0x4)
 *(.rodata)
 .rodata        0x000000000800686c       0x2c ./Core/Src/main.o
 *(.rodata*)
 .rodata.processFrame.str1.4
                0x0000000008006898        0xc ./Core/Src/camera.o
 .rodata.str1.4
                0x00000000080068a4        0xc ./Core/Src/main.o
 .rodata.Error_Handler.str1.4
                0x00000000080068b0       0x1e ./Core/Src/main.o
 *fill*         0x00000000080068ce        0x2 
 .rodata.AHBPrescTable
                0x00000000080068d0       0x10 ./Core/Src/system_stm32f4xx.o
                0x00000000080068d0                AHBPrescTable
 .rodata.APBPrescTable
                0x00000000080068e0        0x8 ./Core/Src/system_stm32f4xx.o
                0x00000000080068e0                APBPrescTable
 .rodata.vTaskStartScheduler.str1.4
                0x00000000080068e8        0x5 ./Middlewares/Third_Party/FreeRTOS/Source/tasks.o
 *fill*         0x00000000080068ed        0x3 
 .rodata.USBD_FS_ProductStrDescriptor.str1.4
                0x00000000080068f0       0x16 ./USB_DEVICE/App/usbd_desc.o
 *fill*         0x0000000008006906        0x2 
 .rodata.USBD_FS_ManufacturerStrDescriptor.str1.4
                0x0000000008006908       0x13 ./USB_DEVICE/App/usbd_desc.o
 *fill*         0x000000000800691b        0x1 
 .rodata.USBD_FS_ConfigStrDescriptor.str1.4
                0x000000000800691c        0xb ./USB_DEVICE/App/usbd_desc.o
 *fill*         0x0000000008006927        0x1 
 .rodata.USBD_FS_InterfaceStrDescriptor.str1.4
                0x0000000008006928        0xe ./USB_DEVICE/App/usbd_desc.o
 .rodata._svfprintf_r.str1.1
                0x0000000008006936       0x11 c:/st/stm32cubeide_1.7.0/stm32cubeide/plugins/com.st.stm32cube.ide.mcu.externaltools.gnu-tools-for-stm32.9-2020-q2-update.win32_2.0.0.202105311346/tools/bin/../lib/gcc/arm-none-eabi/9.3.1/../../../../arm-none-eabi/lib/thumb/v7e-m+fp/hard\libc_nano.a(lib_a-nano-svfprintf.o)
 .rodata._printf_i.str1.1
                0x0000000008006947       0x22 c:/st/stm32cubeide_1.7.0/stm32cubeide/plugins/com.st.stm32cube.ide.mcu.externaltools.gnu-tools-for-stm32.9-2020-q2-update.win32_2.0.0.202105311346/tools/bin/../lib/gcc/arm-none-eabi/9.3.1/../../../../arm-none-eabi/lib/thumb/v7e-m+fp/hard\libc_nano.a(lib_a-nano-vfprintf_i.o)
                0x000000000800696c                . = ALIGN (0x4)
 *fill*         0x0000000008006969        0x3 

.ARM.extab      0x000000000800696c        0x0
                0x000000000800696c                . = ALIGN (0x4)
 *(.ARM.extab* .gnu.linkonce.armextab.*)
                0x000000000800696c                . = ALIGN (0x4)

.ARM            0x000000000800696c        0x8
                0x000000000800696c                . = ALIGN (0x4)
                0x000000000800696c                __exidx_start = .
 *(.ARM.exidx*)
 .ARM.exidx     0x000000000800696c        0x8 c:/st/stm32cubeide_1.7.0/stm32cubeide/plugins/com.st.stm32cube.ide.mcu.externaltools.gnu-tools-for-stm32.9-2020-q2-update.win32_2.0.0.202105311346/tools/bin/../lib/gcc/arm-none-eabi/9.3.1/thumb/v7e-m+fp/hard\libgcc.a(_udivmoddi4.o)
                0x0000000008006974                __exidx_end = .
                0x0000000008006974                . = ALIGN (0x4)

.rel.dyn        0x0000000008006974        0x0
 .rel.iplt      0x0000000008006974        0x0 c:/st/stm32cubeide_1.7.0/stm32cubeide/plugins/com.st.stm32cube.ide.mcu.externaltools.gnu-tools-for-stm32.9-2020-q2-update.win32_2.0.0.202105311346/tools/bin/../lib/gcc/arm-none-eabi/9.3.1/thumb/v7e-m+fp/hard/crtbegin.o

.preinit_array  0x0000000008006974        0x0
                0x0000000008006974                . = ALIGN (0x4)
                0x0000000008006974                PROVIDE (__preinit_array_start = .)
 *(.preinit_array*)
                0x0000000008006974                PROVIDE (__preinit_array_end = .)
                0x0000000008006974                . = ALIGN (0x4)

.init_array     0x0000000008006974        0x4
                0x0000000008006974                . = ALIGN (0x4)
                0x0000000008006974                PROVIDE (__init_array_start = .)
 *(SORT_BY_NAME(.init_array.*))
 *(.init_array*)
 .init_array    0x0000000008006974        0x4 c:/st/stm32cubeide_1.7.0/stm32cubeide/plugins/com.st.stm32cube.ide.mcu.externaltools.gnu-tools-for-stm32.9-2020-q2-update.win32_2.0.0.202105311346/tools/bin/../lib/gcc/arm-none-eabi/9.3.1/thumb/v7e-m+fp/hard/crtbegin.o
                0x0000000008006978                PROVIDE (__init_array_end = .)
                0x0000000008006978                . = ALIGN (0x4)

.fini_array     0x0000000008006978        0x4
                0x0000000008006978                . = ALIGN (0x4)
                [!provide]                        PROVIDE (__fini_array_start = .)
 *(SORT_BY_NAME(.fini_array.*))
 *(.fini_array*)
 .fini_array    0x0000000008006978        0x4 c:/st/stm32cubeide_1.7.0/stm32cubeide/plugins/com.st.stm32cube.ide.mcu.externaltools.gnu-tools-for-stm32.9-2020-q2-update.win32_2.0.0.202105311346/tools/bin/../lib/gcc/arm-none-eabi/9.3.1/thumb/v7e-m+fp/hard/crtbegin.o
                [!provide]                        PROVIDE (__fini_array_end = .)
                0x000000000800697c                . = ALIGN (0x4)
                0x000000000800697c                _sidata = LOADADDR (.data)

.data           0x0000000020000000      0x35c load address 0x000000000800697c
                0x0000000020000000                . = ALIGN (0x4)
                0x0000000020000000                _sdata = .
 *(.data)
 *(.data*)
 .data.flag     0x0000000020000000        0x1 ./Core/Src/camera.o
                0x0000000020000000                flag
 *fill*         0x0000000020000001        0x3 
 .data.regsDefault
                0x0000000020000004      0x13a ./Core/Src/setup_camera.o
                0x0000000020000004                regsDefault
 *fill*         0x000000002000013e        0x2 
 .data.regsQVGA
                0x0000000020000140       0x16 ./Core/Src/setup_camera.o
                0x0000000020000140                regsQVGA
 *fill*         0x0000000020000156        0x2 
 .data.regsRGB565
                0x0000000020000158       0x1a ./Core/Src/setup_camera.o
                0x0000000020000158                regsRGB565
 *fill*         0x0000000020000172        0x2 
 .data.SystemCoreClock
                0x0000000020000174        0x4 ./Core/Src/system_stm32f4xx.o
                0x0000000020000174                SystemCoreClock
 .data.uwTickFreq
                0x0000000020000178        0x1 ./Drivers/STM32F4xx_HAL_Driver/Src/stm32f4xx_hal.o
                0x0000000020000178                uwTickFreq
 *fill*         0x0000000020000179        0x3 
 .data.uwTickPrio
                0x000000002000017c        0x4 ./Drivers/STM32F4xx_HAL_Driver/Src/stm32f4xx_hal.o
                0x000000002000017c                uwTickPrio
 .data.USBD_CDC
                0x0000000020000180       0x38 ./Middlewares/ST/STM32_USB_Device_Library/Class/CDC/Src/usbd_cdc.o
                0x0000000020000180                USBD_CDC
 .data.USBD_CDC_CfgFSDesc
                0x00000000200001b8       0x43 ./Middlewares/ST/STM32_USB_Device_Library/Class/CDC/Src/usbd_cdc.o
 *fill*         0x00000000200001fb        0x1 
 .data.USBD_CDC_CfgHSDesc
                0x00000000200001fc       0x43 ./Middlewares/ST/STM32_USB_Device_Library/Class/CDC/Src/usbd_cdc.o
 *fill*         0x000000002000023f        0x1 
 .data.USBD_CDC_DeviceQualifierDesc
                0x0000000020000240        0xa ./Middlewares/ST/STM32_USB_Device_Library/Class/CDC/Src/usbd_cdc.o
 *fill*         0x000000002000024a        0x2 
 .data.USBD_CDC_OtherSpeedCfgDesc
                0x000000002000024c       0x43 ./Middlewares/ST/STM32_USB_Device_Library/Class/CDC/Src/usbd_cdc.o
 *fill*         0x000000002000028f        0x1 
 .data.uxCriticalNesting
                0x0000000020000290        0x4 ./Middlewares/Third_Party/FreeRTOS/Source/portable/GCC/ARM_CM4F/port.o
 .data.USBD_Interface_fops_FS
                0x0000000020000294       0x14 ./USB_DEVICE/App/usbd_cdc_if.o
                0x0000000020000294                USBD_Interface_fops_FS
 .data.FS_Desc  0x00000000200002a8       0x1c ./USB_DEVICE/App/usbd_desc.o
                0x00000000200002a8                FS_Desc
 .data.USBD_FS_DeviceDesc
                0x00000000200002c4       0x12 ./USB_DEVICE/App/usbd_desc.o
                0x00000000200002c4                USBD_FS_DeviceDesc
 *fill*         0x00000000200002d6        0x2 
 .data.USBD_LangIDDesc
                0x00000000200002d8        0x4 ./USB_DEVICE/App/usbd_desc.o
                0x00000000200002d8                USBD_LangIDDesc
 .data.USBD_StringSerial
                0x00000000200002dc       0x1a ./USB_DEVICE/App/usbd_desc.o
                0x00000000200002dc                USBD_StringSerial
 *fill*         0x00000000200002f6        0x2 
 .data._impure_ptr
                0x00000000200002f8        0x4 c:/st/stm32cubeide_1.7.0/stm32cubeide/plugins/com.st.stm32cube.ide.mcu.externaltools.gnu-tools-for-stm32.9-2020-q2-update.win32_2.0.0.202105311346/tools/bin/../lib/gcc/arm-none-eabi/9.3.1/../../../../arm-none-eabi/lib/thumb/v7e-m+fp/hard\libc_nano.a(lib_a-impure.o)
                0x00000000200002f8                _impure_ptr
 .data.impure_data
                0x00000000200002fc       0x60 c:/st/stm32cubeide_1.7.0/stm32cubeide/plugins/com.st.stm32cube.ide.mcu.externaltools.gnu-tools-for-stm32.9-2020-q2-update.win32_2.0.0.202105311346/tools/bin/../lib/gcc/arm-none-eabi/9.3.1/../../../../arm-none-eabi/lib/thumb/v7e-m+fp/hard\libc_nano.a(lib_a-impure.o)
 *(.RamFunc)
 *(.RamFunc*)
                0x000000002000035c                . = ALIGN (0x4)
                0x000000002000035c                _edata = .
                0x0000000008006cd8                _siccmram = LOADADDR (.ccmram)

.igot.plt       0x000000002000035c        0x0 load address 0x0000000008006cd8
 .igot.plt      0x000000002000035c        0x0 c:/st/stm32cubeide_1.7.0/stm32cubeide/plugins/com.st.stm32cube.ide.mcu.externaltools.gnu-tools-for-stm32.9-2020-q2-update.win32_2.0.0.202105311346/tools/bin/../lib/gcc/arm-none-eabi/9.3.1/thumb/v7e-m+fp/hard/crtbegin.o

.ccmram         0x0000000010000000        0x0 load address 0x0000000008006cd8
                0x0000000010000000                . = ALIGN (0x4)
                0x0000000010000000                _sccmram = .
 *(.ccmram)
 *(.ccmram*)
                0x0000000010000000                . = ALIGN (0x4)
                0x0000000010000000                _eccmram = .
                0x0000000010000000                . = ALIGN (0x4)

.bss            0x000000002000035c     0x5e1c
                0x000000002000035c                _sbss = .
                0x000000002000035c                __bss_start__ = _sbss
 *(.bss)
 .bss           0x000000002000035c       0x1c c:/st/stm32cubeide_1.7.0/stm32cubeide/plugins/com.st.stm32cube.ide.mcu.externaltools.gnu-tools-for-stm32.9-2020-q2-update.win32_2.0.0.202105311346/tools/bin/../lib/gcc/arm-none-eabi/9.3.1/thumb/v7e-m+fp/hard/crtbegin.o
 *(.bss*)
 .bss.frameCounter
                0x0000000020000378        0x2 ./Core/Src/camera.o
                0x0000000020000378                frameCounter
 .bss.isEndLine
                0x000000002000037a        0x1 ./Core/Src/camera.o
                0x000000002000037a                isEndLine
 *fill*         0x000000002000037b        0x1 
 .bss.processedByteCountDuringCameraRead
                0x000000002000037c        0x2 ./Core/Src/camera.o
                0x000000002000037c                processedByteCountDuringCameraRead
 *fill*         0x000000002000037e        0x2 
 .bss.xIdleStack
                0x0000000020000380      0x200 ./Core/Src/freertos.o
 .bss.xIdleTaskTCBBuffer
                0x0000000020000580       0x54 ./Core/Src/freertos.o
 .bss.__sbrk_heap_end
                0x00000000200005d4        0x4 ./Core/Src/sysmem.o
 .bss.cfgidx.10314
                0x00000000200005d8        0x1 ./Middlewares/ST/STM32_USB_Device_Library/Core/Src/usbd_ctlreq.o
 *fill*         0x00000000200005d9        0x3 
 .bss.pxCurrentTCB
                0x00000000200005dc        0x4 ./Middlewares/Third_Party/FreeRTOS/Source/tasks.o
                0x00000000200005dc                pxCurrentTCB
 .bss.pxDelayedTaskList
                0x00000000200005e0        0x4 ./Middlewares/Third_Party/FreeRTOS/Source/tasks.o
 .bss.pxOverflowDelayedTaskList
                0x00000000200005e4        0x4 ./Middlewares/Third_Party/FreeRTOS/Source/tasks.o
 .bss.pxReadyTasksLists
                0x00000000200005e8       0x8c ./Middlewares/Third_Party/FreeRTOS/Source/tasks.o
 .bss.uxCurrentNumberOfTasks
                0x0000000020000674        0x4 ./Middlewares/Third_Party/FreeRTOS/Source/tasks.o
 .bss.uxDeletedTasksWaitingCleanUp
                0x0000000020000678        0x4 ./Middlewares/Third_Party/FreeRTOS/Source/tasks.o
 .bss.uxSchedulerSuspended
                0x000000002000067c        0x4 ./Middlewares/Third_Party/FreeRTOS/Source/tasks.o
 .bss.uxTaskNumber
                0x0000000020000680        0x4 ./Middlewares/Third_Party/FreeRTOS/Source/tasks.o
 .bss.uxTopReadyPriority
                0x0000000020000684        0x4 ./Middlewares/Third_Party/FreeRTOS/Source/tasks.o
 .bss.xDelayedTaskList1
                0x0000000020000688       0x14 ./Middlewares/Third_Party/FreeRTOS/Source/tasks.o
 .bss.xDelayedTaskList2
                0x000000002000069c       0x14 ./Middlewares/Third_Party/FreeRTOS/Source/tasks.o
 .bss.xNextTaskUnblockTime
                0x00000000200006b0        0x4 ./Middlewares/Third_Party/FreeRTOS/Source/tasks.o
 .bss.xNumOfOverflows
                0x00000000200006b4        0x4 ./Middlewares/Third_Party/FreeRTOS/Source/tasks.o
 .bss.xPendedTicks
                0x00000000200006b8        0x4 ./Middlewares/Third_Party/FreeRTOS/Source/tasks.o
 .bss.xPendingReadyList
                0x00000000200006bc       0x14 ./Middlewares/Third_Party/FreeRTOS/Source/tasks.o
 .bss.xSchedulerRunning
                0x00000000200006d0        0x4 ./Middlewares/Third_Party/FreeRTOS/Source/tasks.o
 .bss.xSuspendedTaskList
                0x00000000200006d4       0x14 ./Middlewares/Third_Party/FreeRTOS/Source/tasks.o
 .bss.xTasksWaitingTermination
                0x00000000200006e8       0x14 ./Middlewares/Third_Party/FreeRTOS/Source/tasks.o
 .bss.xTickCount
                0x00000000200006fc        0x4 ./Middlewares/Third_Party/FreeRTOS/Source/tasks.o
 .bss.xYieldPending
                0x0000000020000700        0x4 ./Middlewares/Third_Party/FreeRTOS/Source/tasks.o
 .bss.ucMaxSysCallPriority
                0x0000000020000704        0x1 ./Middlewares/Third_Party/FreeRTOS/Source/portable/GCC/ARM_CM4F/port.o
 *fill*         0x0000000020000705        0x3 
 .bss.ulMaxPRIGROUPValue
                0x0000000020000708        0x4 ./Middlewares/Third_Party/FreeRTOS/Source/portable/GCC/ARM_CM4F/port.o
 .bss.pxEnd     0x000000002000070c        0x4 ./Middlewares/Third_Party/FreeRTOS/Source/portable/MemMang/heap_4.o
 .bss.ucHeap    0x0000000020000710     0x3c00 ./Middlewares/Third_Party/FreeRTOS/Source/portable/MemMang/heap_4.o
 .bss.xBlockAllocatedBit
                0x0000000020004310        0x4 ./Middlewares/Third_Party/FreeRTOS/Source/portable/MemMang/heap_4.o
 .bss.xFreeBytesRemaining
                0x0000000020004314        0x4 ./Middlewares/Third_Party/FreeRTOS/Source/portable/MemMang/heap_4.o
 .bss.xMinimumEverFreeBytesRemaining
                0x0000000020004318        0x4 ./Middlewares/Third_Party/FreeRTOS/Source/portable/MemMang/heap_4.o
 .bss.xNumberOfSuccessfulAllocations
                0x000000002000431c        0x4 ./Middlewares/Third_Party/FreeRTOS/Source/portable/MemMang/heap_4.o
 .bss.xNumberOfSuccessfulFrees
                0x0000000020004320        0x4 ./Middlewares/Third_Party/FreeRTOS/Source/portable/MemMang/heap_4.o
 .bss.xStart    0x0000000020004324        0x8 ./Middlewares/Third_Party/FreeRTOS/Source/portable/MemMang/heap_4.o
 .bss.mem.10383
                0x000000002000432c      0x220 ./USB_DEVICE/Target/usbd_conf.o
 .bss.__malloc_free_list
                0x000000002000454c        0x4 c:/st/stm32cubeide_1.7.0/stm32cubeide/plugins/com.st.stm32cube.ide.mcu.externaltools.gnu-tools-for-stm32.9-2020-q2-update.win32_2.0.0.202105311346/tools/bin/../lib/gcc/arm-none-eabi/9.3.1/../../../../arm-none-eabi/lib/thumb/v7e-m+fp/hard\libc_nano.a(lib_a-nano-mallocr.o)
                0x000000002000454c                __malloc_free_list
 .bss.__malloc_sbrk_start
                0x0000000020004550        0x4 c:/st/stm32cubeide_1.7.0/stm32cubeide/plugins/com.st.stm32cube.ide.mcu.externaltools.gnu-tools-for-stm32.9-2020-q2-update.win32_2.0.0.202105311346/tools/bin/../lib/gcc/arm-none-eabi/9.3.1/../../../../arm-none-eabi/lib/thumb/v7e-m+fp/hard\libc_nano.a(lib_a-nano-mallocr.o)
                0x0000000020004550                __malloc_sbrk_start
 *(COMMON)
 COMMON         0x0000000020004554      0x288 ./Core/Src/camera.o
                0x0000000020004554                lineBuffer
                0x00000000200047d4                lineBufferProcessParityFirstByte
                0x00000000200047d5                lineBufferProcessingByteFormatted
                0x00000000200047d8                lineBufferProcessByte
 COMMON         0x00000000200047dc       0xa1 ./Core/Src/main.o
                0x00000000200047dc                defaultTaskHandle
                0x00000000200047e0                logThread
                0x00000000200047e4                hi2c1
                0x0000000020004838                pos_Queue
                0x000000002000483c                hdcmi
                0x000000002000487c                status
 *fill*         0x000000002000487d        0x3 
 COMMON         0x0000000020004880        0x9 ./Core/Src/registers.o
                0x0000000020004880                writeBuf
                0x0000000020004884                baseHi2c1
                0x0000000020004888                readBuf
 *fill*         0x0000000020004889        0x3 
 COMMON         0x000000002000488c        0x4 ./Drivers/STM32F4xx_HAL_Driver/Src/stm32f4xx_hal.o
                0x000000002000488c                uwTick
 COMMON         0x0000000020004890      0x2d0 ./USB_DEVICE/App/usb_device.o
                0x0000000020004890                hUsbDeviceFS
 COMMON         0x0000000020004b60     0x1000 ./USB_DEVICE/App/usbd_cdc_if.o
                0x0000000020004b60                UserRxBufferFS
                0x0000000020005360                UserTxBufferFS
 COMMON         0x0000000020005b60      0x200 ./USB_DEVICE/App/usbd_desc.o
                0x0000000020005b60                USBD_StrDesc
 COMMON         0x0000000020005d60      0x408 ./USB_DEVICE/Target/usbd_conf.o
                0x0000000020005d60                hpcd_USB_OTG_FS
 COMMON         0x0000000020006168        0x4 c:/st/stm32cubeide_1.7.0/stm32cubeide/plugins/com.st.stm32cube.ide.mcu.externaltools.gnu-tools-for-stm32.9-2020-q2-update.win32_2.0.0.202105311346/tools/bin/../lib/gcc/arm-none-eabi/9.3.1/../../../../arm-none-eabi/lib/thumb/v7e-m+fp/hard\libc_nano.a(lib_a-reent.o)
                0x0000000020006168                errno
 COMMON         0x000000002000616c        0x9 c:/st/stm32cubeide_1.7.0/stm32cubeide/plugins/com.st.stm32cube.ide.mcu.externaltools.gnu-tools-for-stm32.9-2020-q2-update.win32_2.0.0.202105311346/tools/bin/../lib/gcc/arm-none-eabi/9.3.1/../../../../arm-none-eabi/lib/thumb/v7e-m+fp/hard\libc_nano.a(lib_a-lock.o)
                0x000000002000616c                __lock___atexit_recursive_mutex
                0x000000002000616d                __lock___arc4random_mutex
                0x000000002000616e                __lock___env_recursive_mutex
                0x000000002000616f                __lock___sinit_recursive_mutex
                0x0000000020006170                __lock___malloc_recursive_mutex
                0x0000000020006171                __lock___at_quick_exit_mutex
                0x0000000020006172                __lock___dd_hash_mutex
                0x0000000020006173                __lock___tz_mutex
                0x0000000020006174                __lock___sfp_recursive_mutex
                0x0000000020006178                . = ALIGN (0x4)
 *fill*         0x0000000020006175        0x3 
                0x0000000020006178                _ebss = .
                0x0000000020006178                __bss_end__ = _ebss

._user_heap_stack
                0x0000000020006178      0x600
                0x0000000020006178                . = ALIGN (0x8)
                [!provide]                        PROVIDE (end = .)
                0x0000000020006178                PROVIDE (_end = .)
                0x0000000020006378                . = (. + _Min_Heap_Size)
 *fill*         0x0000000020006178      0x200 
                0x0000000020006778                . = (. + _Min_Stack_Size)
 *fill*         0x0000000020006378      0x400 
                0x0000000020006778                . = ALIGN (0x8)
