camera.c:49:6:isUSBReady	0	static
camera.c:44:6:waitForPreviousUartByteToBeSent	8	static
camera.c:55:9:formatPixelByteGrayscale	0	static
camera.c:59:6:startNewFrame	24	static
camera.c:92:6:waitForVsync	0	static
camera.c:101:6:waitForPixelClockLow	0	static
camera.c:105:6:waitForPixelClockHigh	0	static
camera.c:96:6:waitForPixelClockRisingEdge	8	static
camera.c:109:6:readPixelByte	0	static
camera.c:125:9:formatRgbPixelByteH	0	static
camera.c:139:9:formatRgbPixelByteL	0	static
camera.c:150:6:processNextRgbPixelByte	16	static
camera.c:170:6:endOfLine	16	static
camera.c:183:6:ignoreVerticalPadding	24	static
camera.c:199:6:ignoreHorizontalPaddingLeft	8	static
camera.c:205:6:processRgbFrame	16	static
camera.c:245:6:debugPrint	24	static
camera.c:266:6:processFrame	40	static
