registers.c:15:6:setI2cHandleTypeDef	0	static
registers.c:39:19:setRegister	16	static
registers.c:19:19:resetSettings	8	static
registers.c:25:6:setRegisters	8	static
registers.c:93:19:getRegister	16	static
registers.c:49:22:getRegisters	24	dynamic
registers.c:78:22:getRegisters2	24	dynamic
registers.c:109:9:readRegister	24	static
registers.c:123:6:setRegisterBitsOR	16	static
registers.c:128:6:setRegisterBitsAND	16	static
registers.c:134:6:setDisablePixelClockDuringBlankLines	8	static
registers.c:138:6:setDisableHREFDuringBlankLines	8	static
registers.c:142:6:setHREFReverse	8	static
registers.c:147:6:setInternalClockPreScaler	8	static
registers.c:152:6:setPLLMultiplier	8	static
registers.c:159:6:setManualContrastCenter	8	static
registers.c:165:6:setContrast	8	static
registers.c:171:6:setBrightness	8	static
registers.c:176:6:reversePixelBits	8	static
registers.c:181:6:setShowColorBar	8	static
